Archive member included to satisfy reference by file (symbol)

/private/var/folders/mc/kr1k1_d95vb4mxynk14yhn6m0000gn/T/AppTranslocation/C80586F2-4CD2-49FD-A22D-45A991C1B2DB/d/MounRiver Studio 2.app/Contents/Resources/app/resources/darwin/components/WCH/Toolchain/RISC-V Embedded GCC12/bin/../lib/gcc/riscv-wch-elf/12.2.0/../../../../riscv-wch-elf/lib/rv32ec_zmmul_xw/ilp32e/libprintf.a(wchprintf.o)
                              ./User/main.o (printf)
/private/var/folders/mc/kr1k1_d95vb4mxynk14yhn6m0000gn/T/AppTranslocation/C80586F2-4CD2-49FD-A22D-45A991C1B2DB/d/MounRiver Studio 2.app/Contents/Resources/app/resources/darwin/components/WCH/Toolchain/RISC-V Embedded GCC12/bin/../lib/gcc/riscv-wch-elf/12.2.0/rv32ec_zmmul_xw/ilp32e/libgcc.a(save-restore.o)
                              ./User/main.o (__riscv_save_2)
/private/var/folders/mc/kr1k1_d95vb4mxynk14yhn6m0000gn/T/AppTranslocation/C80586F2-4CD2-49FD-A22D-45A991C1B2DB/d/MounRiver Studio 2.app/Contents/Resources/app/resources/darwin/components/WCH/Toolchain/RISC-V Embedded GCC12/bin/../lib/gcc/riscv-wch-elf/12.2.0/rv32ec_zmmul_xw/ilp32e/libgcc.a(div.o)
                              ./User/system_ch32v00X.o (__divsi3)
/private/var/folders/mc/kr1k1_d95vb4mxynk14yhn6m0000gn/T/AppTranslocation/C80586F2-4CD2-49FD-A22D-45A991C1B2DB/d/MounRiver Studio 2.app/Contents/Resources/app/resources/darwin/components/WCH/Toolchain/RISC-V Embedded GCC12/bin/../lib/gcc/riscv-wch-elf/12.2.0/../../../../riscv-wch-elf/lib/rv32ec_zmmul_xw/ilp32e/libg_nano.a(lib_a-strlen.o)
                              /private/var/folders/mc/kr1k1_d95vb4mxynk14yhn6m0000gn/T/AppTranslocation/C80586F2-4CD2-49FD-A22D-45A991C1B2DB/d/MounRiver Studio 2.app/Contents/Resources/app/resources/darwin/components/WCH/Toolchain/RISC-V Embedded GCC12/bin/../lib/gcc/riscv-wch-elf/12.2.0/../../../../riscv-wch-elf/lib/rv32ec_zmmul_xw/ilp32e/libprintf.a(wchprintf.o) (strlen)

Discarded input sections

 .text          0x0000000000000000        0x0 ./User/ch32v00X_it.o
 .data          0x0000000000000000        0x0 ./User/ch32v00X_it.o
 .bss           0x0000000000000000        0x0 ./User/ch32v00X_it.o
 .text          0x0000000000000000        0x0 ./User/main.o
 .data          0x0000000000000000        0x0 ./User/main.o
 .bss           0x0000000000000000        0x0 ./User/main.o
 .text          0x0000000000000000        0x0 ./User/system_ch32v00X.o
 .data          0x0000000000000000        0x0 ./User/system_ch32v00X.o
 .bss           0x0000000000000000        0x0 ./User/system_ch32v00X.o
 .text          0x0000000000000000        0x0 ./Startup/startup_ch32v00X.o
 .data          0x0000000000000000        0x0 ./Startup/startup_ch32v00X.o
 .bss           0x0000000000000000        0x0 ./Startup/startup_ch32v00X.o
 .text          0x0000000000000000        0x0 ./Peripheral/src/ch32v00X_adc.o
 .data          0x0000000000000000        0x0 ./Peripheral/src/ch32v00X_adc.o
 .bss           0x0000000000000000        0x0 ./Peripheral/src/ch32v00X_adc.o
 .text.ADC_DeInit
                0x0000000000000000       0x3a ./Peripheral/src/ch32v00X_adc.o
 .text.ADC_Init
                0x0000000000000000       0x4e ./Peripheral/src/ch32v00X_adc.o
 .text.ADC_StructInit
                0x0000000000000000       0x1a ./Peripheral/src/ch32v00X_adc.o
 .text.ADC_Cmd  0x0000000000000000       0x10 ./Peripheral/src/ch32v00X_adc.o
 .text.ADC_DMACmd
                0x0000000000000000       0x12 ./Peripheral/src/ch32v00X_adc.o
 .text.ADC_ITConfig
                0x0000000000000000       0x18 ./Peripheral/src/ch32v00X_adc.o
 .text.ADC_SoftwareStartConvCmd
                0x0000000000000000       0x18 ./Peripheral/src/ch32v00X_adc.o
 .text.ADC_GetSoftwareStartConvStatus
                0x0000000000000000        0x8 ./Peripheral/src/ch32v00X_adc.o
 .text.ADC_DiscModeChannelCountConfig
                0x0000000000000000       0x12 ./Peripheral/src/ch32v00X_adc.o
 .text.ADC_DiscModeCmd
                0x0000000000000000       0x1a ./Peripheral/src/ch32v00X_adc.o
 .text.ADC_RegularChannelConfig
                0x0000000000000000       0x8c ./Peripheral/src/ch32v00X_adc.o
 .text.ADC_ExternalTrigConvCmd
                0x0000000000000000       0x18 ./Peripheral/src/ch32v00X_adc.o
 .text.ADC_GetConversionValue
                0x0000000000000000        0x8 ./Peripheral/src/ch32v00X_adc.o
 .text.ADC_AutoInjectedConvCmd
                0x0000000000000000       0x12 ./Peripheral/src/ch32v00X_adc.o
 .text.ADC_InjectedDiscModeCmd
                0x0000000000000000       0x14 ./Peripheral/src/ch32v00X_adc.o
 .text.ADC_ExternalTrigInjectedConvConfig
                0x0000000000000000        0xe ./Peripheral/src/ch32v00X_adc.o
 .text.ADC_ExternalTrigInjectedConvCmd
                0x0000000000000000       0x14 ./Peripheral/src/ch32v00X_adc.o
 .text.ADC_SoftwareStartInjectedConvCmd
                0x0000000000000000       0x18 ./Peripheral/src/ch32v00X_adc.o
 .text.ADC_GetSoftwareStartInjectedConvCmdStatus
                0x0000000000000000        0x8 ./Peripheral/src/ch32v00X_adc.o
 .text.ADC_InjectedChannelConfig
                0x0000000000000000       0x4e ./Peripheral/src/ch32v00X_adc.o
 .text.ADC_InjectedSequencerLengthConfig
                0x0000000000000000       0x14 ./Peripheral/src/ch32v00X_adc.o
 .text.ADC_SetInjectedOffset
                0x0000000000000000       0x14 ./Peripheral/src/ch32v00X_adc.o
 .text.ADC_GetInjectedConversionValue
                0x0000000000000000       0x1c ./Peripheral/src/ch32v00X_adc.o
 .text.ADC_AnalogWatchdogCmd
                0x0000000000000000       0x12 ./Peripheral/src/ch32v00X_adc.o
 .text.ADC_AnalogWatchdogThresholdsConfig
                0x0000000000000000        0x6 ./Peripheral/src/ch32v00X_adc.o
 .text.ADC_AnalogWatchdog1ThresholdsConfig
                0x0000000000000000        0xc ./Peripheral/src/ch32v00X_adc.o
 .text.ADC_AnalogWatchdog2ThresholdsConfig
                0x0000000000000000        0xc ./Peripheral/src/ch32v00X_adc.o
 .text.ADC_AnalogWatchdogSingleChannelConfig
                0x0000000000000000        0xa ./Peripheral/src/ch32v00X_adc.o
 .text.ADC_GetFlagStatus
                0x0000000000000000        0xc ./Peripheral/src/ch32v00X_adc.o
 .text.ADC_ClearFlag
                0x0000000000000000        0x8 ./Peripheral/src/ch32v00X_adc.o
 .text.ADC_GetITStatus
                0x0000000000000000       0x18 ./Peripheral/src/ch32v00X_adc.o
 .text.ADC_ClearITPendingBit
                0x0000000000000000        0xa ./Peripheral/src/ch32v00X_adc.o
 .text.ADC_BufferCmd
                0x0000000000000000       0x18 ./Peripheral/src/ch32v00X_adc.o
 .text.ADC_TKeyCmd
                0x0000000000000000       0x18 ./Peripheral/src/ch32v00X_adc.o
 .text.ADC_Tkey_CurrentConfig
                0x0000000000000000       0x14 ./Peripheral/src/ch32v00X_adc.o
 .text.ADC_RegularExTrigConvConfig
                0x0000000000000000        0xe ./Peripheral/src/ch32v00X_adc.o
 .text.ADC_InjectedExTrigConvConfig
                0x0000000000000000       0x10 ./Peripheral/src/ch32v00X_adc.o
 .text.ADC_TKey_ChannelxMulShieldCmd
                0x0000000000000000       0x18 ./Peripheral/src/ch32v00X_adc.o
 .text.ADC_TKey_MulShieldCmd
                0x0000000000000000       0x10 ./Peripheral/src/ch32v00X_adc.o
 .text.ADC_Sample_ModeConfig
                0x0000000000000000        0xe ./Peripheral/src/ch32v00X_adc.o
 .text.ADC_DutyDelayCmd
                0x0000000000000000       0x10 ./Peripheral/src/ch32v00X_adc.o
 .text.ADC_GetAnalogWatchdogFlagStatus
                0x0000000000000000        0xa ./Peripheral/src/ch32v00X_adc.o
 .text.ADC_ClearAnalogWatchdogFlag
                0x0000000000000000        0xc ./Peripheral/src/ch32v00X_adc.o
 .text.ADC_AnalogWatchdogResetCmd
                0x0000000000000000       0x14 ./Peripheral/src/ch32v00X_adc.o
 .text.ADC_AnalogWatchdogScanCmd
                0x0000000000000000       0x10 ./Peripheral/src/ch32v00X_adc.o
 .debug_info    0x0000000000000000      0xdf6 ./Peripheral/src/ch32v00X_adc.o
 .debug_abbrev  0x0000000000000000      0x1bd ./Peripheral/src/ch32v00X_adc.o
 .debug_loclists
                0x0000000000000000      0x7ab ./Peripheral/src/ch32v00X_adc.o
 .debug_aranges
                0x0000000000000000      0x180 ./Peripheral/src/ch32v00X_adc.o
 .debug_rnglists
                0x0000000000000000      0x1a2 ./Peripheral/src/ch32v00X_adc.o
 .debug_line    0x0000000000000000     0x1440 ./Peripheral/src/ch32v00X_adc.o
 .debug_str     0x0000000000000000      0x8b5 ./Peripheral/src/ch32v00X_adc.o
 .debug_line_str
                0x0000000000000000      0x37c ./Peripheral/src/ch32v00X_adc.o
 .comment       0x0000000000000000       0x33 ./Peripheral/src/ch32v00X_adc.o
 .debug_frame   0x0000000000000000      0x2fc ./Peripheral/src/ch32v00X_adc.o
 .riscv.attributes
                0x0000000000000000       0x30 ./Peripheral/src/ch32v00X_adc.o
 .text          0x0000000000000000        0x0 ./Peripheral/src/ch32v00X_dbgmcu.o
 .data          0x0000000000000000        0x0 ./Peripheral/src/ch32v00X_dbgmcu.o
 .bss           0x0000000000000000        0x0 ./Peripheral/src/ch32v00X_dbgmcu.o
 .text.DBGMCU_GetREVID
                0x0000000000000000        0xa ./Peripheral/src/ch32v00X_dbgmcu.o
 .text.DBGMCU_GetDEVID
                0x0000000000000000        0xa ./Peripheral/src/ch32v00X_dbgmcu.o
 .text.__get_DEBUG_CR
                0x0000000000000000        0x6 ./Peripheral/src/ch32v00X_dbgmcu.o
 .text.__set_DEBUG_CR
                0x0000000000000000        0x6 ./Peripheral/src/ch32v00X_dbgmcu.o
 .text.DBGMCU_Config
                0x0000000000000000       0x14 ./Peripheral/src/ch32v00X_dbgmcu.o
 .text.DBGMCU_GetCHIPID
                0x0000000000000000        0xa ./Peripheral/src/ch32v00X_dbgmcu.o
 .debug_info    0x0000000000000000      0x1d2 ./Peripheral/src/ch32v00X_dbgmcu.o
 .debug_abbrev  0x0000000000000000      0x170 ./Peripheral/src/ch32v00X_dbgmcu.o
 .debug_loclists
                0x0000000000000000       0x6c ./Peripheral/src/ch32v00X_dbgmcu.o
 .debug_aranges
                0x0000000000000000       0x48 ./Peripheral/src/ch32v00X_dbgmcu.o
 .debug_rnglists
                0x0000000000000000       0x56 ./Peripheral/src/ch32v00X_dbgmcu.o
 .debug_line    0x0000000000000000      0x190 ./Peripheral/src/ch32v00X_dbgmcu.o
 .debug_str     0x0000000000000000      0x21a ./Peripheral/src/ch32v00X_dbgmcu.o
 .debug_line_str
                0x0000000000000000      0x31b ./Peripheral/src/ch32v00X_dbgmcu.o
 .comment       0x0000000000000000       0x33 ./Peripheral/src/ch32v00X_dbgmcu.o
 .debug_frame   0x0000000000000000       0x70 ./Peripheral/src/ch32v00X_dbgmcu.o
 .riscv.attributes
                0x0000000000000000       0x30 ./Peripheral/src/ch32v00X_dbgmcu.o
 .text          0x0000000000000000        0x0 ./Peripheral/src/ch32v00X_dma.o
 .data          0x0000000000000000        0x0 ./Peripheral/src/ch32v00X_dma.o
 .bss           0x0000000000000000        0x0 ./Peripheral/src/ch32v00X_dma.o
 .text.DMA_DeInit
                0x0000000000000000       0x92 ./Peripheral/src/ch32v00X_dma.o
 .text.DMA_Init
                0x0000000000000000       0x38 ./Peripheral/src/ch32v00X_dma.o
 .text.DMA_StructInit
                0x0000000000000000       0x2e ./Peripheral/src/ch32v00X_dma.o
 .text.DMA_Cmd  0x0000000000000000       0x14 ./Peripheral/src/ch32v00X_dma.o
 .text.DMA_ITConfig
                0x0000000000000000       0x14 ./Peripheral/src/ch32v00X_dma.o
 .text.DMA_SetCurrDataCounter
                0x0000000000000000        0x4 ./Peripheral/src/ch32v00X_dma.o
 .text.DMA_GetCurrDataCounter
                0x0000000000000000        0x8 ./Peripheral/src/ch32v00X_dma.o
 .text.DMA_GetFlagStatus
                0x0000000000000000        0xe ./Peripheral/src/ch32v00X_dma.o
 .text.DMA_ClearFlag
                0x0000000000000000        0x8 ./Peripheral/src/ch32v00X_dma.o
 .text.DMA_GetITStatus
                0x0000000000000000        0x8 ./Peripheral/src/ch32v00X_dma.o
 .text.DMA_ClearITPendingBit
                0x0000000000000000        0x8 ./Peripheral/src/ch32v00X_dma.o
 .debug_info    0x0000000000000000      0x430 ./Peripheral/src/ch32v00X_dma.o
 .debug_abbrev  0x0000000000000000      0x18d ./Peripheral/src/ch32v00X_dma.o
 .debug_loclists
                0x0000000000000000      0x113 ./Peripheral/src/ch32v00X_dma.o
 .debug_aranges
                0x0000000000000000       0x70 ./Peripheral/src/ch32v00X_dma.o
 .debug_rnglists
                0x0000000000000000       0x70 ./Peripheral/src/ch32v00X_dma.o
 .debug_line    0x0000000000000000      0x5bc ./Peripheral/src/ch32v00X_dma.o
 .debug_str     0x0000000000000000      0x3ca ./Peripheral/src/ch32v00X_dma.o
 .debug_line_str
                0x0000000000000000      0x36d ./Peripheral/src/ch32v00X_dma.o
 .comment       0x0000000000000000       0x33 ./Peripheral/src/ch32v00X_dma.o
 .debug_frame   0x0000000000000000       0xc0 ./Peripheral/src/ch32v00X_dma.o
 .riscv.attributes
                0x0000000000000000       0x30 ./Peripheral/src/ch32v00X_dma.o
 .text          0x0000000000000000        0x0 ./Peripheral/src/ch32v00X_exti.o
 .data          0x0000000000000000        0x0 ./Peripheral/src/ch32v00X_exti.o
 .bss           0x0000000000000000        0x0 ./Peripheral/src/ch32v00X_exti.o
 .text.EXTI_DeInit
                0x0000000000000000       0x22 ./Peripheral/src/ch32v00X_exti.o
 .text.EXTI_Init
                0x0000000000000000       0x62 ./Peripheral/src/ch32v00X_exti.o
 .text.EXTI_StructInit
                0x0000000000000000       0x12 ./Peripheral/src/ch32v00X_exti.o
 .text.EXTI_GenerateSWInterrupt
                0x0000000000000000       0x10 ./Peripheral/src/ch32v00X_exti.o
 .text.EXTI_GetFlagStatus
                0x0000000000000000       0x12 ./Peripheral/src/ch32v00X_exti.o
 .text.EXTI_ClearFlag
                0x0000000000000000        0xc ./Peripheral/src/ch32v00X_exti.o
 .text.EXTI_GetITStatus
                0x0000000000000000       0x1a ./Peripheral/src/ch32v00X_exti.o
 .text.EXTI_ClearITPendingBit
                0x0000000000000000        0xc ./Peripheral/src/ch32v00X_exti.o
 .debug_info    0x0000000000000000      0x338 ./Peripheral/src/ch32v00X_exti.o
 .debug_abbrev  0x0000000000000000      0x17c ./Peripheral/src/ch32v00X_exti.o
 .debug_loclists
                0x0000000000000000      0x118 ./Peripheral/src/ch32v00X_exti.o
 .debug_aranges
                0x0000000000000000       0x58 ./Peripheral/src/ch32v00X_exti.o
 .debug_rnglists
                0x0000000000000000       0x55 ./Peripheral/src/ch32v00X_exti.o
 .debug_line    0x0000000000000000      0x408 ./Peripheral/src/ch32v00X_exti.o
 .debug_str     0x0000000000000000      0x363 ./Peripheral/src/ch32v00X_exti.o
 .debug_line_str
                0x0000000000000000      0x371 ./Peripheral/src/ch32v00X_exti.o
 .comment       0x0000000000000000       0x33 ./Peripheral/src/ch32v00X_exti.o
 .debug_frame   0x0000000000000000       0x90 ./Peripheral/src/ch32v00X_exti.o
 .riscv.attributes
                0x0000000000000000       0x30 ./Peripheral/src/ch32v00X_exti.o
 .text          0x0000000000000000        0x0 ./Peripheral/src/ch32v00X_flash.o
 .data          0x0000000000000000        0x0 ./Peripheral/src/ch32v00X_flash.o
 .bss           0x0000000000000000        0x0 ./Peripheral/src/ch32v00X_flash.o
 .text.ROM_ERASE
                0x0000000000000000       0xae ./Peripheral/src/ch32v00X_flash.o
 .text.FLASH_ProgramPage_Fast.part.0
                0x0000000000000000       0x34 ./Peripheral/src/ch32v00X_flash.o
 .text.FLASH_SetLatency
                0x0000000000000000        0xe ./Peripheral/src/ch32v00X_flash.o
 .text.FLASH_Unlock
                0x0000000000000000       0x1a ./Peripheral/src/ch32v00X_flash.o
 .text.FLASH_Lock
                0x0000000000000000        0xe ./Peripheral/src/ch32v00X_flash.o
 .text.FLASH_GetUserOptionByte
                0x0000000000000000        0xa ./Peripheral/src/ch32v00X_flash.o
 .text.FLASH_GetWriteProtectionOptionByte
                0x0000000000000000        0x8 ./Peripheral/src/ch32v00X_flash.o
 .text.FLASH_GetReadOutProtectionStatus
                0x0000000000000000        0xc ./Peripheral/src/ch32v00X_flash.o
 .text.FLASH_ITConfig
                0x0000000000000000       0x1e ./Peripheral/src/ch32v00X_flash.o
 .text.FLASH_GetFlagStatus
                0x0000000000000000       0x1e ./Peripheral/src/ch32v00X_flash.o
 .text.FLASH_ClearFlag
                0x0000000000000000       0x1e ./Peripheral/src/ch32v00X_flash.o
 .text.FLASH_GetStatus
                0x0000000000000000       0x16 ./Peripheral/src/ch32v00X_flash.o
 .text.FLASH_GetBank1Status
                0x0000000000000000       0x16 ./Peripheral/src/ch32v00X_flash.o
 .text.FLASH_WaitForLastOperation
                0x0000000000000000       0x34 ./Peripheral/src/ch32v00X_flash.o
 .text.FLASH_ErasePage
                0x0000000000000000       0x58 ./Peripheral/src/ch32v00X_flash.o
 .text.FLASH_EraseAllPages
                0x0000000000000000       0x54 ./Peripheral/src/ch32v00X_flash.o
 .text.FLASH_EraseOptionBytes
                0x0000000000000000       0x82 ./Peripheral/src/ch32v00X_flash.o
 .text.FLASH_WaitForLastBank1Operation
                0x0000000000000000        0x8 ./Peripheral/src/ch32v00X_flash.o
 .text.FLASH_Unlock_Fast
                0x0000000000000000       0x1e ./Peripheral/src/ch32v00X_flash.o
 .text.FLASH_Lock_Fast
                0x0000000000000000        0xe ./Peripheral/src/ch32v00X_flash.o
 .text.FLASH_BufReset
                0x0000000000000000       0x34 ./Peripheral/src/ch32v00X_flash.o
 .text.FLASH_BufLoad
                0x0000000000000000       0x58 ./Peripheral/src/ch32v00X_flash.o
 .text.FLASH_OptionBytePR
                0x0000000000000000       0x68 ./Peripheral/src/ch32v00X_flash.o
 .text.FLASH_EnableWriteProtection
                0x0000000000000000       0xa0 ./Peripheral/src/ch32v00X_flash.o
 .text.FLASH_EnableReadOutProtection
                0x0000000000000000       0x64 ./Peripheral/src/ch32v00X_flash.o
 .text.FLASH_UserOptionByteConfig
                0x0000000000000000       0x68 ./Peripheral/src/ch32v00X_flash.o
 .text.FLASH_ErasePage_Fast
                0x0000000000000000       0x46 ./Peripheral/src/ch32v00X_flash.o
 .text.FLASH_EraseBlock_32K_Fast
                0x0000000000000000       0x3c ./Peripheral/src/ch32v00X_flash.o
 .text.FLASH_ProgramPage_Fast
                0x0000000000000000       0x26 ./Peripheral/src/ch32v00X_flash.o
 .text.SystemReset_StartMode
                0x0000000000000000       0x50 ./Peripheral/src/ch32v00X_flash.o
 .text.FLASH_ROM_ERASE
                0x0000000000000000      0x1e8 ./Peripheral/src/ch32v00X_flash.o
 .text.FLASH_ROM_WRITE
                0x0000000000000000       0xfe ./Peripheral/src/ch32v00X_flash.o
 .debug_info    0x0000000000000000      0xb4c ./Peripheral/src/ch32v00X_flash.o
 .debug_abbrev  0x0000000000000000      0x3af ./Peripheral/src/ch32v00X_flash.o
 .debug_loclists
                0x0000000000000000      0xa88 ./Peripheral/src/ch32v00X_flash.o
 .debug_aranges
                0x0000000000000000      0x118 ./Peripheral/src/ch32v00X_flash.o
 .debug_rnglists
                0x0000000000000000      0x12d ./Peripheral/src/ch32v00X_flash.o
 .debug_line    0x0000000000000000     0x1d3b ./Peripheral/src/ch32v00X_flash.o
 .debug_str     0x0000000000000000      0x67b ./Peripheral/src/ch32v00X_flash.o
 .debug_line_str
                0x0000000000000000      0x375 ./Peripheral/src/ch32v00X_flash.o
 .comment       0x0000000000000000       0x33 ./Peripheral/src/ch32v00X_flash.o
 .debug_frame   0x0000000000000000      0x2e8 ./Peripheral/src/ch32v00X_flash.o
 .riscv.attributes
                0x0000000000000000       0x30 ./Peripheral/src/ch32v00X_flash.o
 .text          0x0000000000000000        0x0 ./Peripheral/src/ch32v00X_gpio.o
 .data          0x0000000000000000        0x0 ./Peripheral/src/ch32v00X_gpio.o
 .bss           0x0000000000000000        0x0 ./Peripheral/src/ch32v00X_gpio.o
 .text.GPIO_DeInit
                0x0000000000000000       0x82 ./Peripheral/src/ch32v00X_gpio.o
 .text.GPIO_AFIODeInit
                0x0000000000000000       0x28 ./Peripheral/src/ch32v00X_gpio.o
 .text.GPIO_StructInit
                0x0000000000000000       0x10 ./Peripheral/src/ch32v00X_gpio.o
 .text.GPIO_ReadInputData
                0x0000000000000000        0x8 ./Peripheral/src/ch32v00X_gpio.o
 .text.GPIO_ReadOutputDataBit
                0x0000000000000000        0xc ./Peripheral/src/ch32v00X_gpio.o
 .text.GPIO_ReadOutputData
                0x0000000000000000        0x8 ./Peripheral/src/ch32v00X_gpio.o
 .text.GPIO_WriteBit
                0x0000000000000000        0xa ./Peripheral/src/ch32v00X_gpio.o
 .text.GPIO_Write
                0x0000000000000000        0x4 ./Peripheral/src/ch32v00X_gpio.o
 .text.GPIO_PinLockConfig
                0x0000000000000000       0x10 ./Peripheral/src/ch32v00X_gpio.o
 .text.GPIO_PinRemapConfig
                0x0000000000000000       0xa2 ./Peripheral/src/ch32v00X_gpio.o
 .text.GPIO_EXTILineConfig
                0x0000000000000000       0x22 ./Peripheral/src/ch32v00X_gpio.o
 .text          0x0000000000000000        0x0 ./Peripheral/src/ch32v00X_i2c.o
 .data          0x0000000000000000        0x0 ./Peripheral/src/ch32v00X_i2c.o
 .bss           0x0000000000000000        0x0 ./Peripheral/src/ch32v00X_i2c.o
 .text.I2C_DeInit
                0x0000000000000000       0x3a ./Peripheral/src/ch32v00X_i2c.o
 .text.I2C_Init
                0x0000000000000000       0xfc ./Peripheral/src/ch32v00X_i2c.o
 .text.I2C_StructInit
                0x0000000000000000       0x18 ./Peripheral/src/ch32v00X_i2c.o
 .text.I2C_Cmd  0x0000000000000000       0x18 ./Peripheral/src/ch32v00X_i2c.o
 .text.I2C_DMACmd
                0x0000000000000000       0x1e ./Peripheral/src/ch32v00X_i2c.o
 .text.I2C_DMALastTransferCmd
                0x0000000000000000       0x14 ./Peripheral/src/ch32v00X_i2c.o
 .text.I2C_GenerateSTART
                0x0000000000000000       0x1a ./Peripheral/src/ch32v00X_i2c.o
 .text.I2C_GenerateSTOP
                0x0000000000000000       0x1a ./Peripheral/src/ch32v00X_i2c.o
 .text.I2C_AcknowledgeConfig
                0x0000000000000000       0x1a ./Peripheral/src/ch32v00X_i2c.o
 .text.I2C_OwnAddress2Config
                0x0000000000000000       0x14 ./Peripheral/src/ch32v00X_i2c.o
 .text.I2C_DualAddressCmd
                0x0000000000000000       0x18 ./Peripheral/src/ch32v00X_i2c.o
 .text.I2C_GeneralCallCmd
                0x0000000000000000       0x1a ./Peripheral/src/ch32v00X_i2c.o
 .text.I2C_ITConfig
                0x0000000000000000       0x12 ./Peripheral/src/ch32v00X_i2c.o
 .text.I2C_SendData
                0x0000000000000000        0x4 ./Peripheral/src/ch32v00X_i2c.o
 .text.I2C_ReceiveData
                0x0000000000000000        0x8 ./Peripheral/src/ch32v00X_i2c.o
 .text.I2C_Send7bitAddress
                0x0000000000000000        0xe ./Peripheral/src/ch32v00X_i2c.o
 .text.I2C_ReadRegister
                0x0000000000000000       0x14 ./Peripheral/src/ch32v00X_i2c.o
 .text.I2C_SoftwareResetCmd
                0x0000000000000000       0x12 ./Peripheral/src/ch32v00X_i2c.o
 .text.I2C_NACKPositionConfig
                0x0000000000000000       0x22 ./Peripheral/src/ch32v00X_i2c.o
 .text.I2C_TransmitPEC
                0x0000000000000000       0x14 ./Peripheral/src/ch32v00X_i2c.o
 .text.I2C_PECPositionConfig
                0x0000000000000000        0x8 ./Peripheral/src/ch32v00X_i2c.o
 .text.I2C_CalculatePEC
                0x0000000000000000       0x1a ./Peripheral/src/ch32v00X_i2c.o
 .text.I2C_GetPEC
                0x0000000000000000        0x6 ./Peripheral/src/ch32v00X_i2c.o
 .text.I2C_ARPCmd
                0x0000000000000000       0x18 ./Peripheral/src/ch32v00X_i2c.o
 .text.I2C_StretchClockCmd
                0x0000000000000000       0x1a ./Peripheral/src/ch32v00X_i2c.o
 .text.I2C_FastModeDutyCycleConfig
                0x0000000000000000       0x1a ./Peripheral/src/ch32v00X_i2c.o
 .text.I2C_CheckEvent
                0x0000000000000000       0x16 ./Peripheral/src/ch32v00X_i2c.o
 .text.I2C_GetLastEvent
                0x0000000000000000        0xe ./Peripheral/src/ch32v00X_i2c.o
 .text.I2C_GetFlagStatus
                0x0000000000000000       0x32 ./Peripheral/src/ch32v00X_i2c.o
 .text.I2C_ClearFlag
                0x0000000000000000        0xc ./Peripheral/src/ch32v00X_i2c.o
 .text.I2C_GetITStatus
                0x0000000000000000       0x1c ./Peripheral/src/ch32v00X_i2c.o
 .text.I2C_ClearITPendingBit
                0x0000000000000000        0xc ./Peripheral/src/ch32v00X_i2c.o
 .debug_info    0x0000000000000000      0xb0d ./Peripheral/src/ch32v00X_i2c.o
 .debug_abbrev  0x0000000000000000      0x256 ./Peripheral/src/ch32v00X_i2c.o
 .debug_loclists
                0x0000000000000000      0x5eb ./Peripheral/src/ch32v00X_i2c.o
 .debug_aranges
                0x0000000000000000      0x118 ./Peripheral/src/ch32v00X_i2c.o
 .debug_rnglists
                0x0000000000000000      0x12d ./Peripheral/src/ch32v00X_i2c.o
 .debug_line    0x0000000000000000      0xe9c ./Peripheral/src/ch32v00X_i2c.o
 .debug_str     0x0000000000000000      0x692 ./Peripheral/src/ch32v00X_i2c.o
 .debug_line_str
                0x0000000000000000      0x37c ./Peripheral/src/ch32v00X_i2c.o
 .comment       0x0000000000000000       0x33 ./Peripheral/src/ch32v00X_i2c.o
 .debug_frame   0x0000000000000000      0x248 ./Peripheral/src/ch32v00X_i2c.o
 .riscv.attributes
                0x0000000000000000       0x30 ./Peripheral/src/ch32v00X_i2c.o
 .text          0x0000000000000000        0x0 ./Peripheral/src/ch32v00X_iwdg.o
 .data          0x0000000000000000        0x0 ./Peripheral/src/ch32v00X_iwdg.o
 .bss           0x0000000000000000        0x0 ./Peripheral/src/ch32v00X_iwdg.o
 .text.IWDG_WriteAccessCmd
                0x0000000000000000        0x8 ./Peripheral/src/ch32v00X_iwdg.o
 .text.IWDG_SetPrescaler
                0x0000000000000000        0x8 ./Peripheral/src/ch32v00X_iwdg.o
 .text.IWDG_SetReload
                0x0000000000000000        0x8 ./Peripheral/src/ch32v00X_iwdg.o
 .text.IWDG_ReloadCounter
                0x0000000000000000        0xe ./Peripheral/src/ch32v00X_iwdg.o
 .text.IWDG_Enable
                0x0000000000000000       0x18 ./Peripheral/src/ch32v00X_iwdg.o
 .text.IWDG_GetFlagStatus
                0x0000000000000000        0xe ./Peripheral/src/ch32v00X_iwdg.o
 .debug_info    0x0000000000000000      0x277 ./Peripheral/src/ch32v00X_iwdg.o
 .debug_abbrev  0x0000000000000000      0x12a ./Peripheral/src/ch32v00X_iwdg.o
 .debug_loclists
                0x0000000000000000       0x66 ./Peripheral/src/ch32v00X_iwdg.o
 .debug_aranges
                0x0000000000000000       0x48 ./Peripheral/src/ch32v00X_iwdg.o
 .debug_rnglists
                0x0000000000000000       0x43 ./Peripheral/src/ch32v00X_iwdg.o
 .debug_line    0x0000000000000000      0x1c0 ./Peripheral/src/ch32v00X_iwdg.o
 .debug_str     0x0000000000000000      0x2ca ./Peripheral/src/ch32v00X_iwdg.o
 .debug_line_str
                0x0000000000000000      0x361 ./Peripheral/src/ch32v00X_iwdg.o
 .comment       0x0000000000000000       0x33 ./Peripheral/src/ch32v00X_iwdg.o
 .debug_frame   0x0000000000000000       0x70 ./Peripheral/src/ch32v00X_iwdg.o
 .riscv.attributes
                0x0000000000000000       0x30 ./Peripheral/src/ch32v00X_iwdg.o
 .text          0x0000000000000000        0x0 ./Peripheral/src/ch32v00X_misc.o
 .data          0x0000000000000000        0x0 ./Peripheral/src/ch32v00X_misc.o
 .bss           0x0000000000000000        0x0 ./Peripheral/src/ch32v00X_misc.o
 .text.NVIC_PriorityGroupConfig
                0x0000000000000000        0xa ./Peripheral/src/ch32v00X_misc.o
 .text.NVIC_Init
                0x0000000000000000       0x66 ./Peripheral/src/ch32v00X_misc.o
 .bss.NVIC_Priority_Group
                0x0000000000000000        0x4 ./Peripheral/src/ch32v00X_misc.o
 .debug_info    0x0000000000000000      0x4fe ./Peripheral/src/ch32v00X_misc.o
 .debug_abbrev  0x0000000000000000      0x1c0 ./Peripheral/src/ch32v00X_misc.o
 .debug_loclists
                0x0000000000000000       0x3e ./Peripheral/src/ch32v00X_misc.o
 .debug_aranges
                0x0000000000000000       0x28 ./Peripheral/src/ch32v00X_misc.o
 .debug_rnglists
                0x0000000000000000       0x45 ./Peripheral/src/ch32v00X_misc.o
 .debug_line    0x0000000000000000      0x1d7 ./Peripheral/src/ch32v00X_misc.o
 .debug_str     0x0000000000000000      0x4fd ./Peripheral/src/ch32v00X_misc.o
 .debug_line_str
                0x0000000000000000      0x371 ./Peripheral/src/ch32v00X_misc.o
 .comment       0x0000000000000000       0x33 ./Peripheral/src/ch32v00X_misc.o
 .debug_frame   0x0000000000000000       0x30 ./Peripheral/src/ch32v00X_misc.o
 .riscv.attributes
                0x0000000000000000       0x30 ./Peripheral/src/ch32v00X_misc.o
 .text          0x0000000000000000        0x0 ./Peripheral/src/ch32v00X_opa.o
 .data          0x0000000000000000        0x0 ./Peripheral/src/ch32v00X_opa.o
 .bss           0x0000000000000000        0x0 ./Peripheral/src/ch32v00X_opa.o
 .text.OPA_Unlock
                0x0000000000000000       0x1a ./Peripheral/src/ch32v00X_opa.o
 .text.OPA_Lock
                0x0000000000000000       0x10 ./Peripheral/src/ch32v00X_opa.o
 .text.OPA_CMP_POLL_Lock
                0x0000000000000000       0x1a ./Peripheral/src/ch32v00X_opa.o
 .text.OPA_CMP_Unlock
                0x0000000000000000       0x1a ./Peripheral/src/ch32v00X_opa.o
 .text.OPA_CMP_Lock
                0x0000000000000000       0x10 ./Peripheral/src/ch32v00X_opa.o
 .text.OPA_Init
                0x0000000000000000       0x98 ./Peripheral/src/ch32v00X_opa.o
 .text.OPA_StructInit
                0x0000000000000000       0x52 ./Peripheral/src/ch32v00X_opa.o
 .text.OPA_CMP1_Init
                0x0000000000000000       0x68 ./Peripheral/src/ch32v00X_opa.o
 .text.OPA_CMP1_StructInit
                0x0000000000000000       0x36 ./Peripheral/src/ch32v00X_opa.o
 .text.OPA_Cmd  0x0000000000000000       0x1a ./Peripheral/src/ch32v00X_opa.o
 .text.OPA_CMP_Cmd
                0x0000000000000000       0x28 ./Peripheral/src/ch32v00X_opa.o
 .text.OPA_SystemReset_Cmd
                0x0000000000000000       0x1a ./Peripheral/src/ch32v00X_opa.o
 .text.OPA_CMP_SystemReset_Cmd
                0x0000000000000000       0x28 ./Peripheral/src/ch32v00X_opa.o
 .text.OPA_CMP_FILT_Cmd
                0x0000000000000000       0x28 ./Peripheral/src/ch32v00X_opa.o
 .text.OPA_CMP_FILT_LEN_Config
                0x0000000000000000       0x18 ./Peripheral/src/ch32v00X_opa.o
 .text.OPA_CMP_TIM1_BKINConfig
                0x0000000000000000       0x18 ./Peripheral/src/ch32v00X_opa.o
 .text.OPA_GetFlagStatus
                0x0000000000000000        0xe ./Peripheral/src/ch32v00X_opa.o
 .text.OPA_CMP_GetFlagStatus
                0x0000000000000000        0xe ./Peripheral/src/ch32v00X_opa.o
 .text.OPA_ClearFlag
                0x0000000000000000       0x10 ./Peripheral/src/ch32v00X_opa.o
 .text.OPA_CMP_ClearFlag
                0x0000000000000000       0x10 ./Peripheral/src/ch32v00X_opa.o
 .text.OPA_SoftwareStartPollCmd
                0x0000000000000000       0x24 ./Peripheral/src/ch32v00X_opa.o
 .debug_info    0x0000000000000000      0xba9 ./Peripheral/src/ch32v00X_opa.o
 .debug_abbrev  0x0000000000000000      0x1cc ./Peripheral/src/ch32v00X_opa.o
 .debug_loclists
                0x0000000000000000      0x1e6 ./Peripheral/src/ch32v00X_opa.o
 .debug_aranges
                0x0000000000000000       0xc0 ./Peripheral/src/ch32v00X_opa.o
 .debug_rnglists
                0x0000000000000000       0xca ./Peripheral/src/ch32v00X_opa.o
 .debug_line    0x0000000000000000      0xaca ./Peripheral/src/ch32v00X_opa.o
 .debug_str     0x0000000000000000      0xc3d ./Peripheral/src/ch32v00X_opa.o
 .debug_line_str
                0x0000000000000000      0x36d ./Peripheral/src/ch32v00X_opa.o
 .comment       0x0000000000000000       0x33 ./Peripheral/src/ch32v00X_opa.o
 .debug_frame   0x0000000000000000      0x160 ./Peripheral/src/ch32v00X_opa.o
 .riscv.attributes
                0x0000000000000000       0x30 ./Peripheral/src/ch32v00X_opa.o
 .text          0x0000000000000000        0x0 ./Peripheral/src/ch32v00X_pwr.o
 .data          0x0000000000000000        0x0 ./Peripheral/src/ch32v00X_pwr.o
 .bss           0x0000000000000000        0x0 ./Peripheral/src/ch32v00X_pwr.o
 .text.PWR_DeInit
                0x0000000000000000       0x2c ./Peripheral/src/ch32v00X_pwr.o
 .text.PWR_PVDCmd
                0x0000000000000000       0x14 ./Peripheral/src/ch32v00X_pwr.o
 .text.PWR_PVDLevelConfig
                0x0000000000000000       0x10 ./Peripheral/src/ch32v00X_pwr.o
 .text.PWR_AutoWakeUpCmd
                0x0000000000000000       0x14 ./Peripheral/src/ch32v00X_pwr.o
 .text.PWR_AWU_SetPrescaler
                0x0000000000000000        0xe ./Peripheral/src/ch32v00X_pwr.o
 .text.PWR_AWU_SetWindowValue
                0x0000000000000000       0x1e ./Peripheral/src/ch32v00X_pwr.o
 .text.PWR_EnterSTANDBYMode
                0x0000000000000000       0xaa ./Peripheral/src/ch32v00X_pwr.o
 .text.PWR_GetFlagStatus
                0x0000000000000000        0xe ./Peripheral/src/ch32v00X_pwr.o
 .text.PWR_FLASH_LP_Cmd
                0x0000000000000000       0x22 ./Peripheral/src/ch32v00X_pwr.o
 .debug_info    0x0000000000000000      0x5bd ./Peripheral/src/ch32v00X_pwr.o
 .debug_abbrev  0x0000000000000000      0x220 ./Peripheral/src/ch32v00X_pwr.o
 .debug_loclists
                0x0000000000000000       0xcc ./Peripheral/src/ch32v00X_pwr.o
 .debug_aranges
                0x0000000000000000       0x60 ./Peripheral/src/ch32v00X_pwr.o
 .debug_rnglists
                0x0000000000000000       0x5e ./Peripheral/src/ch32v00X_pwr.o
 .debug_line    0x0000000000000000      0x531 ./Peripheral/src/ch32v00X_pwr.o
 .debug_str     0x0000000000000000      0x3dd ./Peripheral/src/ch32v00X_pwr.o
 .debug_line_str
                0x0000000000000000      0x36d ./Peripheral/src/ch32v00X_pwr.o
 .comment       0x0000000000000000       0x33 ./Peripheral/src/ch32v00X_pwr.o
 .debug_frame   0x0000000000000000       0xb4 ./Peripheral/src/ch32v00X_pwr.o
 .riscv.attributes
                0x0000000000000000       0x30 ./Peripheral/src/ch32v00X_pwr.o
 .text          0x0000000000000000        0x0 ./Peripheral/src/ch32v00X_rcc.o
 .data          0x0000000000000000        0x0 ./Peripheral/src/ch32v00X_rcc.o
 .bss           0x0000000000000000        0x0 ./Peripheral/src/ch32v00X_rcc.o
 .text.RCC_DeInit
                0x0000000000000000       0x4e ./Peripheral/src/ch32v00X_rcc.o
 .text.RCC_HSEConfig
                0x0000000000000000       0x3c ./Peripheral/src/ch32v00X_rcc.o
 .text.RCC_AdjustHSICalibrationValue
                0x0000000000000000       0x12 ./Peripheral/src/ch32v00X_rcc.o
 .text.RCC_HSICmd
                0x0000000000000000       0x14 ./Peripheral/src/ch32v00X_rcc.o
 .text.RCC_PLLConfig
                0x0000000000000000       0x12 ./Peripheral/src/ch32v00X_rcc.o
 .text.RCC_PLLCmd
                0x0000000000000000       0x24 ./Peripheral/src/ch32v00X_rcc.o
 .text.RCC_SYSCLKConfig
                0x0000000000000000        0xe ./Peripheral/src/ch32v00X_rcc.o
 .text.RCC_GetSYSCLKSource
                0x0000000000000000        0xa ./Peripheral/src/ch32v00X_rcc.o
 .text.RCC_HCLKConfig
                0x0000000000000000       0x10 ./Peripheral/src/ch32v00X_rcc.o
 .text.RCC_ITConfig
                0x0000000000000000       0x16 ./Peripheral/src/ch32v00X_rcc.o
 .text.RCC_ADCCLKConfig
                0x0000000000000000       0x16 ./Peripheral/src/ch32v00X_rcc.o
 .text.RCC_LSICmd
                0x0000000000000000       0x14 ./Peripheral/src/ch32v00X_rcc.o
 .text.RCC_HBPeriphClockCmd
                0x0000000000000000       0x1e ./Peripheral/src/ch32v00X_rcc.o
 .text.RCC_PB1PeriphClockCmd
                0x0000000000000000       0x1e ./Peripheral/src/ch32v00X_rcc.o
 .text.RCC_PB2PeriphResetCmd
                0x0000000000000000       0x1e ./Peripheral/src/ch32v00X_rcc.o
 .text.RCC_PB1PeriphResetCmd
                0x0000000000000000       0x1e ./Peripheral/src/ch32v00X_rcc.o
 .text.RCC_ClockSecuritySystemCmd
                0x0000000000000000       0x24 ./Peripheral/src/ch32v00X_rcc.o
 .text.RCC_MCOConfig
                0x0000000000000000        0x8 ./Peripheral/src/ch32v00X_rcc.o
 .text.RCC_GetFlagStatus
                0x0000000000000000       0x20 ./Peripheral/src/ch32v00X_rcc.o
 .text.RCC_WaitForHSEStartUp
                0x0000000000000000       0x42 ./Peripheral/src/ch32v00X_rcc.o
 .text.RCC_ClearFlag
                0x0000000000000000       0x10 ./Peripheral/src/ch32v00X_rcc.o
 .text.RCC_GetITStatus
                0x0000000000000000       0x18 ./Peripheral/src/ch32v00X_rcc.o
 .text.RCC_ClearITPendingBit
                0x0000000000000000       0x1c ./Peripheral/src/ch32v00X_rcc.o
 .text.RCC_ClockMonitorCmd
                0x0000000000000000       0x24 ./Peripheral/src/ch32v00X_rcc.o
 .text.RCC_HSE_LP_Cmd
                0x0000000000000000       0x24 ./Peripheral/src/ch32v00X_rcc.o
 .text.RCC_HSI_LP_Cmd
                0x0000000000000000       0x14 ./Peripheral/src/ch32v00X_rcc.o
 .text.RCC_HSECurrentConfig
                0x0000000000000000       0x18 ./Peripheral/src/ch32v00X_rcc.o
 .text.RCC_ADCCLKDutyCycleConfig
                0x0000000000000000       0x18 ./Peripheral/src/ch32v00X_rcc.o
 .text          0x0000000000000000        0x0 ./Peripheral/src/ch32v00X_spi.o
 .data          0x0000000000000000        0x0 ./Peripheral/src/ch32v00X_spi.o
 .bss           0x0000000000000000        0x0 ./Peripheral/src/ch32v00X_spi.o
 .text.SPI_I2S_DeInit
                0x0000000000000000       0x32 ./Peripheral/src/ch32v00X_spi.o
 .text.SPI_Init
                0x0000000000000000       0x34 ./Peripheral/src/ch32v00X_spi.o
 .text.SPI_StructInit
                0x0000000000000000       0x22 ./Peripheral/src/ch32v00X_spi.o
 .text.SPI_Cmd  0x0000000000000000       0x1a ./Peripheral/src/ch32v00X_spi.o
 .text.SPI_I2S_ITConfig
                0x0000000000000000       0x1e ./Peripheral/src/ch32v00X_spi.o
 .text.SPI_I2S_DMACmd
                0x0000000000000000       0x12 ./Peripheral/src/ch32v00X_spi.o
 .text.SPI_I2S_SendData
                0x0000000000000000        0x4 ./Peripheral/src/ch32v00X_spi.o
 .text.SPI_I2S_ReceiveData
                0x0000000000000000        0x4 ./Peripheral/src/ch32v00X_spi.o
 .text.SPI_NSSInternalSoftwareConfig
                0x0000000000000000       0x24 ./Peripheral/src/ch32v00X_spi.o
 .text.SPI_SSOutputCmd
                0x0000000000000000       0x18 ./Peripheral/src/ch32v00X_spi.o
 .text.SPI_DataSizeConfig
                0x0000000000000000       0x14 ./Peripheral/src/ch32v00X_spi.o
 .text.SPI_TransmitCRC
                0x0000000000000000        0xa ./Peripheral/src/ch32v00X_spi.o
 .text.SPI_CalculateCRC
                0x0000000000000000       0x14 ./Peripheral/src/ch32v00X_spi.o
 .text.SPI_GetCRC
                0x0000000000000000       0x12 ./Peripheral/src/ch32v00X_spi.o
 .text.SPI_GetCRCPolynomial
                0x0000000000000000        0x4 ./Peripheral/src/ch32v00X_spi.o
 .text.SPI_BiDirectionalLineConfig
                0x0000000000000000       0x1a ./Peripheral/src/ch32v00X_spi.o
 .text.SPI_HS_RX_Cmd
                0x0000000000000000       0x18 ./Peripheral/src/ch32v00X_spi.o
 .text.SPI_I2S_GetFlagStatus
                0x0000000000000000        0xa ./Peripheral/src/ch32v00X_spi.o
 .text.SPI_I2S_ClearFlag
                0x0000000000000000        0xc ./Peripheral/src/ch32v00X_spi.o
 .text.SPI_I2S_GetITStatus
                0x0000000000000000       0x2a ./Peripheral/src/ch32v00X_spi.o
 .text.SPI_I2S_ClearITPendingBit
                0x0000000000000000       0x14 ./Peripheral/src/ch32v00X_spi.o
 .debug_info    0x0000000000000000      0x769 ./Peripheral/src/ch32v00X_spi.o
 .debug_abbrev  0x0000000000000000      0x20a ./Peripheral/src/ch32v00X_spi.o
 .debug_loclists
                0x0000000000000000      0x3d8 ./Peripheral/src/ch32v00X_spi.o
 .debug_aranges
                0x0000000000000000       0xc0 ./Peripheral/src/ch32v00X_spi.o
 .debug_rnglists
                0x0000000000000000       0xca ./Peripheral/src/ch32v00X_spi.o
 .debug_line    0x0000000000000000      0x827 ./Peripheral/src/ch32v00X_spi.o
 .debug_str     0x0000000000000000      0x51d ./Peripheral/src/ch32v00X_spi.o
 .debug_line_str
                0x0000000000000000      0x37c ./Peripheral/src/ch32v00X_spi.o
 .comment       0x0000000000000000       0x33 ./Peripheral/src/ch32v00X_spi.o
 .debug_frame   0x0000000000000000      0x16c ./Peripheral/src/ch32v00X_spi.o
 .riscv.attributes
                0x0000000000000000       0x30 ./Peripheral/src/ch32v00X_spi.o
 .text          0x0000000000000000        0x0 ./Peripheral/src/ch32v00X_tim.o
 .data          0x0000000000000000        0x0 ./Peripheral/src/ch32v00X_tim.o
 .bss           0x0000000000000000        0x0 ./Peripheral/src/ch32v00X_tim.o
 .text.TI1_Config
                0x0000000000000000       0x56 ./Peripheral/src/ch32v00X_tim.o
 .text.TI2_Config
                0x0000000000000000       0x66 ./Peripheral/src/ch32v00X_tim.o
 .text.TIM_DeInit
                0x0000000000000000       0x7a ./Peripheral/src/ch32v00X_tim.o
 .text.TIM_TimeBaseInit
                0x0000000000000000       0x6c ./Peripheral/src/ch32v00X_tim.o
 .text.TIM_OC1Init
                0x0000000000000000       0xa8 ./Peripheral/src/ch32v00X_tim.o
 .text.TIM_OC2Init
                0x0000000000000000       0xd8 ./Peripheral/src/ch32v00X_tim.o
 .text.TIM_OC3Init
                0x0000000000000000       0x94 ./Peripheral/src/ch32v00X_tim.o
 .text.TIM_OC4Init
                0x0000000000000000       0x68 ./Peripheral/src/ch32v00X_tim.o
 .text.TIM_BDTRConfig
                0x0000000000000000       0x20 ./Peripheral/src/ch32v00X_tim.o
 .text.TIM_TimeBaseStructInit
                0x0000000000000000       0x16 ./Peripheral/src/ch32v00X_tim.o
 .text.TIM_OCStructInit
                0x0000000000000000       0x22 ./Peripheral/src/ch32v00X_tim.o
 .text.TIM_ICStructInit
                0x0000000000000000       0x16 ./Peripheral/src/ch32v00X_tim.o
 .text.TIM_BDTRStructInit
                0x0000000000000000       0x1e ./Peripheral/src/ch32v00X_tim.o
 .text.TIM_Cmd  0x0000000000000000       0x56 ./Peripheral/src/ch32v00X_tim.o
 .text.TIM_CtrlPWMOutputs
                0x0000000000000000       0x16 ./Peripheral/src/ch32v00X_tim.o
 .text.TIM_ITConfig
                0x0000000000000000       0x12 ./Peripheral/src/ch32v00X_tim.o
 .text.TIM_GenerateEvent
                0x0000000000000000        0x4 ./Peripheral/src/ch32v00X_tim.o
 .text.TIM_DMAConfig
                0x0000000000000000        0x8 ./Peripheral/src/ch32v00X_tim.o
 .text.TIM_DMACmd
                0x0000000000000000       0x60 ./Peripheral/src/ch32v00X_tim.o
 .text.TIM_InternalClockConfig
                0x0000000000000000       0x42 ./Peripheral/src/ch32v00X_tim.o
 .text.TIM_ITRxExternalClockConfig
                0x0000000000000000       0x18 ./Peripheral/src/ch32v00X_tim.o
 .text.TIM_TIxExternalClockConfig
                0x0000000000000000       0x48 ./Peripheral/src/ch32v00X_tim.o
 .text.TIM_ETRConfig
                0x0000000000000000       0x16 ./Peripheral/src/ch32v00X_tim.o
 .text.TIM_ETRClockMode1Config
                0x0000000000000000       0x2a ./Peripheral/src/ch32v00X_tim.o
 .text.TIM_ETRClockMode2Config
                0x0000000000000000       0x22 ./Peripheral/src/ch32v00X_tim.o
 .text.TIM_PrescalerConfig
                0x0000000000000000        0x6 ./Peripheral/src/ch32v00X_tim.o
 .text.TIM_CounterModeConfig
                0x0000000000000000       0x32 ./Peripheral/src/ch32v00X_tim.o
 .text.TIM_SelectInputTrigger
                0x0000000000000000       0x10 ./Peripheral/src/ch32v00X_tim.o
 .text.TIM_EncoderInterfaceConfig
                0x0000000000000000       0x3e ./Peripheral/src/ch32v00X_tim.o
 .text.TIM_ForcedOC1Config
                0x0000000000000000       0x10 ./Peripheral/src/ch32v00X_tim.o
 .text.TIM_ForcedOC2Config
                0x0000000000000000       0x14 ./Peripheral/src/ch32v00X_tim.o
 .text.TIM_ForcedOC3Config
                0x0000000000000000       0x10 ./Peripheral/src/ch32v00X_tim.o
 .text.TIM_ForcedOC4Config
                0x0000000000000000       0x14 ./Peripheral/src/ch32v00X_tim.o
 .text.TIM_ARRPreloadConfig
                0x0000000000000000       0x58 ./Peripheral/src/ch32v00X_tim.o
 .text.TIM_SelectCOM
                0x0000000000000000       0x18 ./Peripheral/src/ch32v00X_tim.o
 .text.TIM_SelectCCDMA
                0x0000000000000000       0x18 ./Peripheral/src/ch32v00X_tim.o
 .text.TIM_CCPreloadControl
                0x0000000000000000       0x18 ./Peripheral/src/ch32v00X_tim.o
 .text.TIM_OC1PreloadConfig
                0x0000000000000000       0x3e ./Peripheral/src/ch32v00X_tim.o
 .text.TIM_OC2PreloadConfig
                0x0000000000000000       0x46 ./Peripheral/src/ch32v00X_tim.o
 .text.TIM_OC3PreloadConfig
                0x0000000000000000       0x3e ./Peripheral/src/ch32v00X_tim.o
 .text.TIM_OC4PreloadConfig
                0x0000000000000000       0x46 ./Peripheral/src/ch32v00X_tim.o
 .text.TIM_OC1FastConfig
                0x0000000000000000        0xe ./Peripheral/src/ch32v00X_tim.o
 .text.TIM_OC2FastConfig
                0x0000000000000000       0x16 ./Peripheral/src/ch32v00X_tim.o
 .text.TIM_OC3FastConfig
                0x0000000000000000        0xe ./Peripheral/src/ch32v00X_tim.o
 .text.TIM_OC4FastConfig
                0x0000000000000000       0x16 ./Peripheral/src/ch32v00X_tim.o
 .text.TIM_ClearOC1Ref
                0x0000000000000000       0x10 ./Peripheral/src/ch32v00X_tim.o
 .text.TIM_ClearOC2Ref
                0x0000000000000000       0x12 ./Peripheral/src/ch32v00X_tim.o
 .text.TIM_ClearOC3Ref
                0x0000000000000000       0x10 ./Peripheral/src/ch32v00X_tim.o
 .text.TIM_ClearOC4Ref
                0x0000000000000000       0x12 ./Peripheral/src/ch32v00X_tim.o
 .text.TIM_OC1PolarityConfig
                0x0000000000000000        0xe ./Peripheral/src/ch32v00X_tim.o
 .text.TIM_OC1NPolarityConfig
                0x0000000000000000        0xe ./Peripheral/src/ch32v00X_tim.o
 .text.TIM_OC2PolarityConfig
                0x0000000000000000       0x16 ./Peripheral/src/ch32v00X_tim.o
 .text.TIM_OC2NPolarityConfig
                0x0000000000000000       0x16 ./Peripheral/src/ch32v00X_tim.o
 .text.TIM_OC3PolarityConfig
                0x0000000000000000       0x16 ./Peripheral/src/ch32v00X_tim.o
 .text.TIM_OC3NPolarityConfig
                0x0000000000000000       0x16 ./Peripheral/src/ch32v00X_tim.o
 .text.TIM_OC4PolarityConfig
                0x0000000000000000       0x14 ./Peripheral/src/ch32v00X_tim.o
 .text.TIM_CCxCmd
                0x0000000000000000       0x20 ./Peripheral/src/ch32v00X_tim.o
 .text.TIM_CCxNCmd
                0x0000000000000000       0x20 ./Peripheral/src/ch32v00X_tim.o
 .text.TIM_SelectOCxM
                0x0000000000000000       0x50 ./Peripheral/src/ch32v00X_tim.o
 .text.TIM_UpdateDisableConfig
                0x0000000000000000       0x56 ./Peripheral/src/ch32v00X_tim.o
 .text.TIM_UpdateRequestConfig
                0x0000000000000000       0x18 ./Peripheral/src/ch32v00X_tim.o
 .text.TIM_SelectHallSensor
                0x0000000000000000       0x1a ./Peripheral/src/ch32v00X_tim.o
 .text.TIM_SelectOnePulseMode
                0x0000000000000000       0x16 ./Peripheral/src/ch32v00X_tim.o
 .text.TIM_SelectOutputTrigger
                0x0000000000000000       0x18 ./Peripheral/src/ch32v00X_tim.o
 .text.TIM_SelectSlaveMode
                0x0000000000000000       0x54 ./Peripheral/src/ch32v00X_tim.o
 .text.TIM_SelectMasterSlaveMode
                0x0000000000000000       0x18 ./Peripheral/src/ch32v00X_tim.o
 .text.TIM_SetCounter
                0x0000000000000000       0x28 ./Peripheral/src/ch32v00X_tim.o
 .text.TIM_SetAutoreload
                0x0000000000000000       0x28 ./Peripheral/src/ch32v00X_tim.o
 .text.TIM_SetCompare1
                0x0000000000000000       0x28 ./Peripheral/src/ch32v00X_tim.o
 .text.TIM_SetCompare2
                0x0000000000000000       0x28 ./Peripheral/src/ch32v00X_tim.o
 .text.TIM_SetCompare3
                0x0000000000000000       0x28 ./Peripheral/src/ch32v00X_tim.o
 .text.TIM_SetCompare4
                0x0000000000000000       0x28 ./Peripheral/src/ch32v00X_tim.o
 .text.TIM_SetIC1Prescaler
                0x0000000000000000       0x16 ./Peripheral/src/ch32v00X_tim.o
 .text.TIM_SetIC2Prescaler
                0x0000000000000000       0x1a ./Peripheral/src/ch32v00X_tim.o
 .text.TIM_PWMIConfig
                0x0000000000000000       0x9e ./Peripheral/src/ch32v00X_tim.o
 .text.TIM_SetIC3Prescaler
                0x0000000000000000       0x16 ./Peripheral/src/ch32v00X_tim.o
 .text.TIM_SetIC4Prescaler
                0x0000000000000000       0x1a ./Peripheral/src/ch32v00X_tim.o
 .text.TIM_ICInit
                0x0000000000000000      0x132 ./Peripheral/src/ch32v00X_tim.o
 .text.TIM_SetClockDivision
                0x0000000000000000       0x18 ./Peripheral/src/ch32v00X_tim.o
 .text.TIM_GetCapture1
                0x0000000000000000       0x30 ./Peripheral/src/ch32v00X_tim.o
 .text.TIM_GetCapture2
                0x0000000000000000       0x30 ./Peripheral/src/ch32v00X_tim.o
 .text.TIM_GetCapture3
                0x0000000000000000       0x30 ./Peripheral/src/ch32v00X_tim.o
 .text.TIM_GetCapture4
                0x0000000000000000       0x30 ./Peripheral/src/ch32v00X_tim.o
 .text.TIM_GetCounter
                0x0000000000000000       0x30 ./Peripheral/src/ch32v00X_tim.o
 .text.TIM_GetPrescaler
                0x0000000000000000        0x4 ./Peripheral/src/ch32v00X_tim.o
 .text.TIM_GetFlagStatus
                0x0000000000000000        0xa ./Peripheral/src/ch32v00X_tim.o
 .text.TIM_ClearFlag
                0x0000000000000000        0xc ./Peripheral/src/ch32v00X_tim.o
 .text.TIM_GetITStatus
                0x0000000000000000       0x18 ./Peripheral/src/ch32v00X_tim.o
 .text.TIM_ClearITPendingBit
                0x0000000000000000        0xc ./Peripheral/src/ch32v00X_tim.o
 .text.TIM_IndicateCaptureLevelCmd
                0x0000000000000000       0x12 ./Peripheral/src/ch32v00X_tim.o
 .text.TIM_DeadTimeConfig
                0x0000000000000000       0x32 ./Peripheral/src/ch32v00X_tim.o
 .debug_info    0x0000000000000000     0x1fd4 ./Peripheral/src/ch32v00X_tim.o
 .debug_abbrev  0x0000000000000000      0x330 ./Peripheral/src/ch32v00X_tim.o
 .debug_loclists
                0x0000000000000000     0x1312 ./Peripheral/src/ch32v00X_tim.o
 .debug_aranges
                0x0000000000000000      0x2f0 ./Peripheral/src/ch32v00X_tim.o
 .debug_rnglists
                0x0000000000000000      0x340 ./Peripheral/src/ch32v00X_tim.o
 .debug_line    0x0000000000000000     0x39b8 ./Peripheral/src/ch32v00X_tim.o
 .debug_str     0x0000000000000000      0xec3 ./Peripheral/src/ch32v00X_tim.o
 .debug_line_str
                0x0000000000000000      0x37c ./Peripheral/src/ch32v00X_tim.o
 .comment       0x0000000000000000       0x33 ./Peripheral/src/ch32v00X_tim.o
 .debug_frame   0x0000000000000000      0x628 ./Peripheral/src/ch32v00X_tim.o
 .riscv.attributes
                0x0000000000000000       0x30 ./Peripheral/src/ch32v00X_tim.o
 .text          0x0000000000000000        0x0 ./Peripheral/src/ch32v00X_usart.o
 .data          0x0000000000000000        0x0 ./Peripheral/src/ch32v00X_usart.o
 .bss           0x0000000000000000        0x0 ./Peripheral/src/ch32v00X_usart.o
 .text.USART_DeInit
                0x0000000000000000       0x52 ./Peripheral/src/ch32v00X_usart.o
 .text.USART_StructInit
                0x0000000000000000       0x18 ./Peripheral/src/ch32v00X_usart.o
 .text.USART_ITConfig
                0x0000000000000000       0x38 ./Peripheral/src/ch32v00X_usart.o
 .text.USART_DMACmd
                0x0000000000000000       0x12 ./Peripheral/src/ch32v00X_usart.o
 .text.USART_SetAddress
                0x0000000000000000       0x16 ./Peripheral/src/ch32v00X_usart.o
 .text.USART_WakeUpConfig
                0x0000000000000000       0x14 ./Peripheral/src/ch32v00X_usart.o
 .text.USART_ReceiverWakeUpCmd
                0x0000000000000000       0x18 ./Peripheral/src/ch32v00X_usart.o
 .text.USART_LINBreakDetectLengthConfig
                0x0000000000000000       0x18 ./Peripheral/src/ch32v00X_usart.o
 .text.USART_LINCmd
                0x0000000000000000       0x14 ./Peripheral/src/ch32v00X_usart.o
 .text.USART_ReceiveData
                0x0000000000000000        0x8 ./Peripheral/src/ch32v00X_usart.o
 .text.USART_SendBreak
                0x0000000000000000        0xa ./Peripheral/src/ch32v00X_usart.o
 .text.USART_SetPrescaler
                0x0000000000000000       0x18 ./Peripheral/src/ch32v00X_usart.o
 .text.USART_HalfDuplexCmd
                0x0000000000000000       0x18 ./Peripheral/src/ch32v00X_usart.o
 .text.USART_IrDAConfig
                0x0000000000000000       0x16 ./Peripheral/src/ch32v00X_usart.o
 .text.USART_IrDACmd
                0x0000000000000000       0x18 ./Peripheral/src/ch32v00X_usart.o
 .text.USART_ClearFlag
                0x0000000000000000        0xc ./Peripheral/src/ch32v00X_usart.o
 .text.USART_GetITStatus
                0x0000000000000000       0x3c ./Peripheral/src/ch32v00X_usart.o
 .text.USART_ClearITPendingBit
                0x0000000000000000       0x14 ./Peripheral/src/ch32v00X_usart.o
 .text          0x0000000000000000        0x0 ./Peripheral/src/ch32v00X_wwdg.o
 .data          0x0000000000000000        0x0 ./Peripheral/src/ch32v00X_wwdg.o
 .bss           0x0000000000000000        0x0 ./Peripheral/src/ch32v00X_wwdg.o
 .text.WWDG_DeInit
                0x0000000000000000       0x2e ./Peripheral/src/ch32v00X_wwdg.o
 .text.WWDG_SetPrescaler
                0x0000000000000000       0x14 ./Peripheral/src/ch32v00X_wwdg.o
 .text.WWDG_SetWindowValue
                0x0000000000000000       0x26 ./Peripheral/src/ch32v00X_wwdg.o
 .text.WWDG_EnableIT
                0x0000000000000000       0x12 ./Peripheral/src/ch32v00X_wwdg.o
 .text.WWDG_SetCounter
                0x0000000000000000        0xe ./Peripheral/src/ch32v00X_wwdg.o
 .text.WWDG_Enable
                0x0000000000000000        0xe ./Peripheral/src/ch32v00X_wwdg.o
 .text.WWDG_GetFlagStatus
                0x0000000000000000        0xc ./Peripheral/src/ch32v00X_wwdg.o
 .text.WWDG_ClearFlag
                0x0000000000000000        0xe ./Peripheral/src/ch32v00X_wwdg.o
 .debug_info    0x0000000000000000      0x269 ./Peripheral/src/ch32v00X_wwdg.o
 .debug_abbrev  0x0000000000000000      0x184 ./Peripheral/src/ch32v00X_wwdg.o
 .debug_loclists
                0x0000000000000000       0x72 ./Peripheral/src/ch32v00X_wwdg.o
 .debug_aranges
                0x0000000000000000       0x58 ./Peripheral/src/ch32v00X_wwdg.o
 .debug_rnglists
                0x0000000000000000       0x55 ./Peripheral/src/ch32v00X_wwdg.o
 .debug_line    0x0000000000000000      0x267 ./Peripheral/src/ch32v00X_wwdg.o
 .debug_str     0x0000000000000000      0x297 ./Peripheral/src/ch32v00X_wwdg.o
 .debug_line_str
                0x0000000000000000      0x370 ./Peripheral/src/ch32v00X_wwdg.o
 .comment       0x0000000000000000       0x33 ./Peripheral/src/ch32v00X_wwdg.o
 .debug_frame   0x0000000000000000       0xa4 ./Peripheral/src/ch32v00X_wwdg.o
 .riscv.attributes
                0x0000000000000000       0x30 ./Peripheral/src/ch32v00X_wwdg.o
 .text          0x0000000000000000        0x0 ./Debug/debug.o
 .data          0x0000000000000000        0x0 ./Debug/debug.o
 .bss           0x0000000000000000        0x0 ./Debug/debug.o
 .text.Delay_Init
                0x0000000000000000       0x44 ./Debug/debug.o
 .text.Delay_Us
                0x0000000000000000       0x32 ./Debug/debug.o
 .text.Delay_Ms
                0x0000000000000000       0x32 ./Debug/debug.o
 .text.SDI_Printf_Enable
                0x0000000000000000       0x2a ./Debug/debug.o
 .text._sbrk    0x0000000000000000       0x2e ./Debug/debug.o
 .data.curbrk.0
                0x0000000000000000        0x4 ./Debug/debug.o
 .bss.p_ms      0x0000000000000000        0x2 ./Debug/debug.o
 .bss.p_us      0x0000000000000000        0x1 ./Debug/debug.o
 .text          0x0000000000000000        0x0 ./Core/core_riscv.o
 .data          0x0000000000000000        0x0 ./Core/core_riscv.o
 .bss           0x0000000000000000        0x0 ./Core/core_riscv.o
 .text.__get_MSTATUS
                0x0000000000000000        0x6 ./Core/core_riscv.o
 .text.__set_MSTATUS
                0x0000000000000000        0x6 ./Core/core_riscv.o
 .text.__get_MISA
                0x0000000000000000        0x6 ./Core/core_riscv.o
 .text.__set_MISA
                0x0000000000000000        0x6 ./Core/core_riscv.o
 .text.__get_MTVEC
                0x0000000000000000        0x6 ./Core/core_riscv.o
 .text.__set_MTVEC
                0x0000000000000000        0x6 ./Core/core_riscv.o
 .text.__get_MSCRATCH
                0x0000000000000000        0x6 ./Core/core_riscv.o
 .text.__set_MSCRATCH
                0x0000000000000000        0x6 ./Core/core_riscv.o
 .text.__get_MEPC
                0x0000000000000000        0x6 ./Core/core_riscv.o
 .text.__set_MEPC
                0x0000000000000000        0x6 ./Core/core_riscv.o
 .text.__get_MCAUSE
                0x0000000000000000        0x6 ./Core/core_riscv.o
 .text.__set_MCAUSE
                0x0000000000000000        0x6 ./Core/core_riscv.o
 .text.__get_MVENDORID
                0x0000000000000000        0x6 ./Core/core_riscv.o
 .text.__get_MARCHID
                0x0000000000000000        0x6 ./Core/core_riscv.o
 .text.__get_MIMPID
                0x0000000000000000        0x6 ./Core/core_riscv.o
 .text.__get_MHARTID
                0x0000000000000000        0x6 ./Core/core_riscv.o
 .text.__get_SP
                0x0000000000000000        0x4 ./Core/core_riscv.o
 .debug_info    0x0000000000000000      0x2eb ./Core/core_riscv.o
 .debug_abbrev  0x0000000000000000       0xe5 ./Core/core_riscv.o
 .debug_aranges
                0x0000000000000000       0xa0 ./Core/core_riscv.o
 .debug_rnglists
                0x0000000000000000       0xa6 ./Core/core_riscv.o
 .debug_line    0x0000000000000000      0x332 ./Core/core_riscv.o
 .debug_str     0x0000000000000000      0x25c ./Core/core_riscv.o
 .debug_line_str
                0x0000000000000000      0x2b4 ./Core/core_riscv.o
 .comment       0x0000000000000000       0x33 ./Core/core_riscv.o
 .debug_frame   0x0000000000000000      0x120 ./Core/core_riscv.o
 .riscv.attributes
                0x0000000000000000       0x30 ./Core/core_riscv.o
 .text          0x0000000000000000        0x0 /private/var/folders/mc/kr1k1_d95vb4mxynk14yhn6m0000gn/T/AppTranslocation/C80586F2-4CD2-49FD-A22D-45A991C1B2DB/d/MounRiver Studio 2.app/Contents/Resources/app/resources/darwin/components/WCH/Toolchain/RISC-V Embedded GCC12/bin/../lib/gcc/riscv-wch-elf/12.2.0/../../../../riscv-wch-elf/lib/rv32ec_zmmul_xw/ilp32e/libprintf.a(wchprintf.o)
 .data          0x0000000000000000        0x0 /private/var/folders/mc/kr1k1_d95vb4mxynk14yhn6m0000gn/T/AppTranslocation/C80586F2-4CD2-49FD-A22D-45A991C1B2DB/d/MounRiver Studio 2.app/Contents/Resources/app/resources/darwin/components/WCH/Toolchain/RISC-V Embedded GCC12/bin/../lib/gcc/riscv-wch-elf/12.2.0/../../../../riscv-wch-elf/lib/rv32ec_zmmul_xw/ilp32e/libprintf.a(wchprintf.o)
 .bss           0x0000000000000000        0x0 /private/var/folders/mc/kr1k1_d95vb4mxynk14yhn6m0000gn/T/AppTranslocation/C80586F2-4CD2-49FD-A22D-45A991C1B2DB/d/MounRiver Studio 2.app/Contents/Resources/app/resources/darwin/components/WCH/Toolchain/RISC-V Embedded GCC12/bin/../lib/gcc/riscv-wch-elf/12.2.0/../../../../riscv-wch-elf/lib/rv32ec_zmmul_xw/ilp32e/libprintf.a(wchprintf.o)
 .text.sprintf  0x0000000000000000       0x2c /private/var/folders/mc/kr1k1_d95vb4mxynk14yhn6m0000gn/T/AppTranslocation/C80586F2-4CD2-49FD-A22D-45A991C1B2DB/d/MounRiver Studio 2.app/Contents/Resources/app/resources/darwin/components/WCH/Toolchain/RISC-V Embedded GCC12/bin/../lib/gcc/riscv-wch-elf/12.2.0/../../../../riscv-wch-elf/lib/rv32ec_zmmul_xw/ilp32e/libprintf.a(wchprintf.o)
 .text.snprintf
                0x0000000000000000       0x2e /private/var/folders/mc/kr1k1_d95vb4mxynk14yhn6m0000gn/T/AppTranslocation/C80586F2-4CD2-49FD-A22D-45A991C1B2DB/d/MounRiver Studio 2.app/Contents/Resources/app/resources/darwin/components/WCH/Toolchain/RISC-V Embedded GCC12/bin/../lib/gcc/riscv-wch-elf/12.2.0/../../../../riscv-wch-elf/lib/rv32ec_zmmul_xw/ilp32e/libprintf.a(wchprintf.o)
 .text.putchar  0x0000000000000000       0x1c /private/var/folders/mc/kr1k1_d95vb4mxynk14yhn6m0000gn/T/AppTranslocation/C80586F2-4CD2-49FD-A22D-45A991C1B2DB/d/MounRiver Studio 2.app/Contents/Resources/app/resources/darwin/components/WCH/Toolchain/RISC-V Embedded GCC12/bin/../lib/gcc/riscv-wch-elf/12.2.0/../../../../riscv-wch-elf/lib/rv32ec_zmmul_xw/ilp32e/libprintf.a(wchprintf.o)
 .data          0x0000000000000000        0x0 /private/var/folders/mc/kr1k1_d95vb4mxynk14yhn6m0000gn/T/AppTranslocation/C80586F2-4CD2-49FD-A22D-45A991C1B2DB/d/MounRiver Studio 2.app/Contents/Resources/app/resources/darwin/components/WCH/Toolchain/RISC-V Embedded GCC12/bin/../lib/gcc/riscv-wch-elf/12.2.0/rv32ec_zmmul_xw/ilp32e/libgcc.a(save-restore.o)
 .bss           0x0000000000000000        0x0 /private/var/folders/mc/kr1k1_d95vb4mxynk14yhn6m0000gn/T/AppTranslocation/C80586F2-4CD2-49FD-A22D-45A991C1B2DB/d/MounRiver Studio 2.app/Contents/Resources/app/resources/darwin/components/WCH/Toolchain/RISC-V Embedded GCC12/bin/../lib/gcc/riscv-wch-elf/12.2.0/rv32ec_zmmul_xw/ilp32e/libgcc.a(save-restore.o)
 .eh_frame      0x0000000000000000       0x68 /private/var/folders/mc/kr1k1_d95vb4mxynk14yhn6m0000gn/T/AppTranslocation/C80586F2-4CD2-49FD-A22D-45A991C1B2DB/d/MounRiver Studio 2.app/Contents/Resources/app/resources/darwin/components/WCH/Toolchain/RISC-V Embedded GCC12/bin/../lib/gcc/riscv-wch-elf/12.2.0/rv32ec_zmmul_xw/ilp32e/libgcc.a(save-restore.o)
 .data          0x0000000000000000        0x0 /private/var/folders/mc/kr1k1_d95vb4mxynk14yhn6m0000gn/T/AppTranslocation/C80586F2-4CD2-49FD-A22D-45A991C1B2DB/d/MounRiver Studio 2.app/Contents/Resources/app/resources/darwin/components/WCH/Toolchain/RISC-V Embedded GCC12/bin/../lib/gcc/riscv-wch-elf/12.2.0/rv32ec_zmmul_xw/ilp32e/libgcc.a(div.o)
 .bss           0x0000000000000000        0x0 /private/var/folders/mc/kr1k1_d95vb4mxynk14yhn6m0000gn/T/AppTranslocation/C80586F2-4CD2-49FD-A22D-45A991C1B2DB/d/MounRiver Studio 2.app/Contents/Resources/app/resources/darwin/components/WCH/Toolchain/RISC-V Embedded GCC12/bin/../lib/gcc/riscv-wch-elf/12.2.0/rv32ec_zmmul_xw/ilp32e/libgcc.a(div.o)
 .text          0x0000000000000000        0x0 /private/var/folders/mc/kr1k1_d95vb4mxynk14yhn6m0000gn/T/AppTranslocation/C80586F2-4CD2-49FD-A22D-45A991C1B2DB/d/MounRiver Studio 2.app/Contents/Resources/app/resources/darwin/components/WCH/Toolchain/RISC-V Embedded GCC12/bin/../lib/gcc/riscv-wch-elf/12.2.0/../../../../riscv-wch-elf/lib/rv32ec_zmmul_xw/ilp32e/libg_nano.a(lib_a-strlen.o)
 .data          0x0000000000000000        0x0 /private/var/folders/mc/kr1k1_d95vb4mxynk14yhn6m0000gn/T/AppTranslocation/C80586F2-4CD2-49FD-A22D-45A991C1B2DB/d/MounRiver Studio 2.app/Contents/Resources/app/resources/darwin/components/WCH/Toolchain/RISC-V Embedded GCC12/bin/../lib/gcc/riscv-wch-elf/12.2.0/../../../../riscv-wch-elf/lib/rv32ec_zmmul_xw/ilp32e/libg_nano.a(lib_a-strlen.o)
 .bss           0x0000000000000000        0x0 /private/var/folders/mc/kr1k1_d95vb4mxynk14yhn6m0000gn/T/AppTranslocation/C80586F2-4CD2-49FD-A22D-45A991C1B2DB/d/MounRiver Studio 2.app/Contents/Resources/app/resources/darwin/components/WCH/Toolchain/RISC-V Embedded GCC12/bin/../lib/gcc/riscv-wch-elf/12.2.0/../../../../riscv-wch-elf/lib/rv32ec_zmmul_xw/ilp32e/libg_nano.a(lib_a-strlen.o)

Memory Configuration

Name             Origin             Length             Attributes
FLASH            0x0000000000000000 0x000000000000f800 xr
RAM              0x0000000020000000 0x0000000000002000 xrw
*default*        0x0000000000000000 0xffffffffffffffff

Linker script and memory map

LOAD ./User/ch32v00X_it.o
LOAD ./User/main.o
LOAD ./User/system_ch32v00X.o
LOAD ./Startup/startup_ch32v00X.o
LOAD ./Peripheral/src/ch32v00X_adc.o
LOAD ./Peripheral/src/ch32v00X_dbgmcu.o
LOAD ./Peripheral/src/ch32v00X_dma.o
LOAD ./Peripheral/src/ch32v00X_exti.o
LOAD ./Peripheral/src/ch32v00X_flash.o
LOAD ./Peripheral/src/ch32v00X_gpio.o
LOAD ./Peripheral/src/ch32v00X_i2c.o
LOAD ./Peripheral/src/ch32v00X_iwdg.o
LOAD ./Peripheral/src/ch32v00X_misc.o
LOAD ./Peripheral/src/ch32v00X_opa.o
LOAD ./Peripheral/src/ch32v00X_pwr.o
LOAD ./Peripheral/src/ch32v00X_rcc.o
LOAD ./Peripheral/src/ch32v00X_spi.o
LOAD ./Peripheral/src/ch32v00X_tim.o
LOAD ./Peripheral/src/ch32v00X_usart.o
LOAD ./Peripheral/src/ch32v00X_wwdg.o
LOAD ./Debug/debug.o
LOAD ./Core/core_riscv.o
LOAD /private/var/folders/mc/kr1k1_d95vb4mxynk14yhn6m0000gn/T/AppTranslocation/C80586F2-4CD2-49FD-A22D-45A991C1B2DB/d/MounRiver Studio 2.app/Contents/Resources/app/resources/darwin/components/WCH/Toolchain/RISC-V Embedded GCC12/bin/../lib/gcc/riscv-wch-elf/12.2.0/../../../../riscv-wch-elf/lib/rv32ec_zmmul_xw/ilp32e/libprintf.a
LOAD /private/var/folders/mc/kr1k1_d95vb4mxynk14yhn6m0000gn/T/AppTranslocation/C80586F2-4CD2-49FD-A22D-45A991C1B2DB/d/MounRiver Studio 2.app/Contents/Resources/app/resources/darwin/components/WCH/Toolchain/RISC-V Embedded GCC12/bin/../lib/gcc/riscv-wch-elf/12.2.0/rv32ec_zmmul_xw/ilp32e/libgcc.a
LOAD /private/var/folders/mc/kr1k1_d95vb4mxynk14yhn6m0000gn/T/AppTranslocation/C80586F2-4CD2-49FD-A22D-45A991C1B2DB/d/MounRiver Studio 2.app/Contents/Resources/app/resources/darwin/components/WCH/Toolchain/RISC-V Embedded GCC12/bin/../lib/gcc/riscv-wch-elf/12.2.0/../../../../riscv-wch-elf/lib/rv32ec_zmmul_xw/ilp32e/libg_nano.a
LOAD /private/var/folders/mc/kr1k1_d95vb4mxynk14yhn6m0000gn/T/AppTranslocation/C80586F2-4CD2-49FD-A22D-45A991C1B2DB/d/MounRiver Studio 2.app/Contents/Resources/app/resources/darwin/components/WCH/Toolchain/RISC-V Embedded GCC12/bin/../lib/gcc/riscv-wch-elf/12.2.0/../../../../riscv-wch-elf/lib/rv32ec_zmmul_xw/ilp32e/libc_nano.a
LOAD /private/var/folders/mc/kr1k1_d95vb4mxynk14yhn6m0000gn/T/AppTranslocation/C80586F2-4CD2-49FD-A22D-45A991C1B2DB/d/MounRiver Studio 2.app/Contents/Resources/app/resources/darwin/components/WCH/Toolchain/RISC-V Embedded GCC12/bin/../lib/gcc/riscv-wch-elf/12.2.0/rv32ec_zmmul_xw/ilp32e/libgcc.a
START GROUP
LOAD /private/var/folders/mc/kr1k1_d95vb4mxynk14yhn6m0000gn/T/AppTranslocation/C80586F2-4CD2-49FD-A22D-45A991C1B2DB/d/MounRiver Studio 2.app/Contents/Resources/app/resources/darwin/components/WCH/Toolchain/RISC-V Embedded GCC12/bin/../lib/gcc/riscv-wch-elf/12.2.0/rv32ec_zmmul_xw/ilp32e/libgcc.a
LOAD /private/var/folders/mc/kr1k1_d95vb4mxynk14yhn6m0000gn/T/AppTranslocation/C80586F2-4CD2-49FD-A22D-45A991C1B2DB/d/MounRiver Studio 2.app/Contents/Resources/app/resources/darwin/components/WCH/Toolchain/RISC-V Embedded GCC12/bin/../lib/gcc/riscv-wch-elf/12.2.0/../../../../riscv-wch-elf/lib/rv32ec_zmmul_xw/ilp32e/libc_nano.a
LOAD /private/var/folders/mc/kr1k1_d95vb4mxynk14yhn6m0000gn/T/AppTranslocation/C80586F2-4CD2-49FD-A22D-45A991C1B2DB/d/MounRiver Studio 2.app/Contents/Resources/app/resources/darwin/components/WCH/Toolchain/RISC-V Embedded GCC12/bin/../lib/gcc/riscv-wch-elf/12.2.0/../../../../riscv-wch-elf/lib/rv32ec_zmmul_xw/ilp32e/libnosys.a
END GROUP
START GROUP
LOAD /private/var/folders/mc/kr1k1_d95vb4mxynk14yhn6m0000gn/T/AppTranslocation/C80586F2-4CD2-49FD-A22D-45A991C1B2DB/d/MounRiver Studio 2.app/Contents/Resources/app/resources/darwin/components/WCH/Toolchain/RISC-V Embedded GCC12/bin/../lib/gcc/riscv-wch-elf/12.2.0/rv32ec_zmmul_xw/ilp32e/libgcc.a
LOAD /private/var/folders/mc/kr1k1_d95vb4mxynk14yhn6m0000gn/T/AppTranslocation/C80586F2-4CD2-49FD-A22D-45A991C1B2DB/d/MounRiver Studio 2.app/Contents/Resources/app/resources/darwin/components/WCH/Toolchain/RISC-V Embedded GCC12/bin/../lib/gcc/riscv-wch-elf/12.2.0/../../../../riscv-wch-elf/lib/rv32ec_zmmul_xw/ilp32e/libc_nano.a
LOAD /private/var/folders/mc/kr1k1_d95vb4mxynk14yhn6m0000gn/T/AppTranslocation/C80586F2-4CD2-49FD-A22D-45A991C1B2DB/d/MounRiver Studio 2.app/Contents/Resources/app/resources/darwin/components/WCH/Toolchain/RISC-V Embedded GCC12/bin/../lib/gcc/riscv-wch-elf/12.2.0/../../../../riscv-wch-elf/lib/rv32ec_zmmul_xw/ilp32e/libnosys.a
END GROUP
                0x0000000000000200                __stack_size = 0x200
                [!provide]                        PROVIDE (_stack_size = __stack_size)

.init           0x0000000000000000       0xa8
                0x0000000000000000                _sinit = .
                0x0000000000000000                . = ALIGN (0x4)
 *(SORT_NONE(.init))
 .init          0x0000000000000000       0xa6 ./Startup/startup_ch32v00X.o
                0x0000000000000000                _start
                0x00000000000000a8                . = ALIGN (0x4)
 *fill*         0x00000000000000a6        0x2 
                0x00000000000000a8                _einit = .

.text           0x00000000000000a8     0x11bc
                0x00000000000000a8                . = ALIGN (0x4)
 *(.text)
 .text          0x00000000000000a8       0x14 /private/var/folders/mc/kr1k1_d95vb4mxynk14yhn6m0000gn/T/AppTranslocation/C80586F2-4CD2-49FD-A22D-45A991C1B2DB/d/MounRiver Studio 2.app/Contents/Resources/app/resources/darwin/components/WCH/Toolchain/RISC-V Embedded GCC12/bin/../lib/gcc/riscv-wch-elf/12.2.0/rv32ec_zmmul_xw/ilp32e/libgcc.a(save-restore.o)
                0x00000000000000a8                __riscv_save_1
                0x00000000000000a8                __riscv_save_2
                0x00000000000000a8                __riscv_save_0
                0x00000000000000b2                __riscv_restore_2
                0x00000000000000b2                __riscv_restore_0
                0x00000000000000b2                __riscv_restore_1
 .text          0x00000000000000bc       0x7e /private/var/folders/mc/kr1k1_d95vb4mxynk14yhn6m0000gn/T/AppTranslocation/C80586F2-4CD2-49FD-A22D-45A991C1B2DB/d/MounRiver Studio 2.app/Contents/Resources/app/resources/darwin/components/WCH/Toolchain/RISC-V Embedded GCC12/bin/../lib/gcc/riscv-wch-elf/12.2.0/rv32ec_zmmul_xw/ilp32e/libgcc.a(div.o)
                0x00000000000000bc                __divsi3
                0x00000000000000c4                __hidden___udivsi3
                0x00000000000000c4                __udivsi3
                0x00000000000000f0                __umodsi3
                0x0000000000000114                __modsi3
 *(.text.*)
 .text.NMI_Handler
                0x000000000000013a        0x2 ./User/ch32v00X_it.o
                0x000000000000013a                NMI_Handler
 .text.HardFault_Handler
                0x000000000000013c       0x10 ./User/ch32v00X_it.o
                0x000000000000013c                HardFault_Handler
 .text.Clear_LEDs
                0x000000000000014c        0xa ./User/main.o
                0x000000000000014c                Clear_LEDs
 .text.GPIO_Configuration
                0x0000000000000156       0x44 ./User/main.o
                0x0000000000000156                GPIO_Configuration
 .text.Display_Dice.part.0
                0x000000000000019a       0x6c ./User/main.o
 .text.Display_Dice
                0x0000000000000206       0x12 ./User/main.o
                0x0000000000000206                Display_Dice
 .text.Simple_Delay_ms
                0x0000000000000218       0x38 ./User/main.o
                0x0000000000000218                Simple_Delay_ms
 .text.Generate_Random_Dice
                0x0000000000000250       0x3e ./User/main.o
                0x0000000000000250                Generate_Random_Dice
 .text.Dice_Animation
                0x000000000000028e       0x1a ./User/main.o
                0x000000000000028e                Dice_Animation
 .text.startup.main
                0x00000000000002a8       0xc4 ./User/main.o
                0x00000000000002a8                main
 .text.SystemInit
                0x000000000000036c       0xc0 ./User/system_ch32v00X.o
                0x000000000000036c                SystemInit
 .text.SystemCoreClockUpdate
                0x000000000000042c       0x62 ./User/system_ch32v00X.o
                0x000000000000042c                SystemCoreClockUpdate
 .text.vector_handler
                0x000000000000048e        0x2 ./Startup/startup_ch32v00X.o
                0x000000000000048e                I2C1_ER_IRQHandler
                0x000000000000048e                TIM1_CC_IRQHandler
                0x000000000000048e                SysTick_Handler
                0x000000000000048e                PVD_IRQHandler
                0x000000000000048e                SPI1_IRQHandler
                0x000000000000048e                AWU_IRQHandler
                0x000000000000048e                EXTI7_0_IRQHandler
                0x000000000000048e                DMA1_Channel4_IRQHandler
                0x000000000000048e                ADC1_IRQHandler
                0x000000000000048e                DMA1_Channel7_IRQHandler
                0x000000000000048e                I2C1_EV_IRQHandler
                0x000000000000048e                DMA1_Channel6_IRQHandler
                0x000000000000048e                RCC_IRQHandler
                0x000000000000048e                TIM1_TRG_COM_IRQHandler
                0x000000000000048e                DMA1_Channel1_IRQHandler
                0x000000000000048e                DMA1_Channel5_IRQHandler
                0x000000000000048e                DMA1_Channel3_IRQHandler
                0x000000000000048e                TIM1_UP_IRQHandler
                0x000000000000048e                WWDG_IRQHandler
                0x000000000000048e                TIM2_IRQHandler
                0x000000000000048e                SW_Handler
                0x000000000000048e                TIM1_BRK_IRQHandler
                0x000000000000048e                USART2_IRQHandler
                0x000000000000048e                DMA1_Channel2_IRQHandler
                0x000000000000048e                FLASH_IRQHandler
                0x000000000000048e                USART1_IRQHandler
                0x000000000000048e                OPCM_IRQHandler
 .text.handle_reset
                0x0000000000000490       0x8e ./Startup/startup_ch32v00X.o
                0x0000000000000490                handle_reset
 .text.GPIO_Init
                0x000000000000051e       0x76 ./Peripheral/src/ch32v00X_gpio.o
                0x000000000000051e                GPIO_Init
 .text.GPIO_ReadInputDataBit
                0x0000000000000594        0xc ./Peripheral/src/ch32v00X_gpio.o
                0x0000000000000594                GPIO_ReadInputDataBit
 .text.GPIO_SetBits
                0x00000000000005a0        0x4 ./Peripheral/src/ch32v00X_gpio.o
                0x00000000000005a0                GPIO_SetBits
 .text.GPIO_ResetBits
                0x00000000000005a4        0x4 ./Peripheral/src/ch32v00X_gpio.o
                0x00000000000005a4                GPIO_ResetBits
 .text.GPIO_IPD_Unused
                0x00000000000005a8      0x2dc ./Peripheral/src/ch32v00X_gpio.o
                0x00000000000005a8                GPIO_IPD_Unused
 .text.RCC_GetClocksFreq
                0x0000000000000884       0xa2 ./Peripheral/src/ch32v00X_rcc.o
                0x0000000000000884                RCC_GetClocksFreq
 .text.RCC_PB2PeriphClockCmd
                0x0000000000000926       0x1e ./Peripheral/src/ch32v00X_rcc.o
                0x0000000000000926                RCC_PB2PeriphClockCmd
 .text.USART_Init
                0x0000000000000944       0x9a ./Peripheral/src/ch32v00X_usart.o
                0x0000000000000944                USART_Init
 .text.USART_Cmd
                0x00000000000009de       0x14 ./Peripheral/src/ch32v00X_usart.o
                0x00000000000009de                USART_Cmd
 .text.USART_SendData
                0x00000000000009f2        0x8 ./Peripheral/src/ch32v00X_usart.o
                0x00000000000009f2                USART_SendData
 .text.USART_GetFlagStatus
                0x00000000000009fa        0xa ./Peripheral/src/ch32v00X_usart.o
                0x00000000000009fa                USART_GetFlagStatus
 .text.USART_Printf_Init
                0x0000000000000a04       0x54 ./Debug/debug.o
                0x0000000000000a04                USART_Printf_Init
 .text._write   0x0000000000000a58       0x46 ./Debug/debug.o
                0x0000000000000a58                _write
 .text.printchar
                0x0000000000000a9e       0x48 /private/var/folders/mc/kr1k1_d95vb4mxynk14yhn6m0000gn/T/AppTranslocation/C80586F2-4CD2-49FD-A22D-45A991C1B2DB/d/MounRiver Studio 2.app/Contents/Resources/app/resources/darwin/components/WCH/Toolchain/RISC-V Embedded GCC12/bin/../lib/gcc/riscv-wch-elf/12.2.0/../../../../riscv-wch-elf/lib/rv32ec_zmmul_xw/ilp32e/libprintf.a(wchprintf.o)
                0x0000000000000a9e                printchar
 .text.prints   0x0000000000000ae6       0xf2 /private/var/folders/mc/kr1k1_d95vb4mxynk14yhn6m0000gn/T/AppTranslocation/C80586F2-4CD2-49FD-A22D-45A991C1B2DB/d/MounRiver Studio 2.app/Contents/Resources/app/resources/darwin/components/WCH/Toolchain/RISC-V Embedded GCC12/bin/../lib/gcc/riscv-wch-elf/12.2.0/../../../../riscv-wch-elf/lib/rv32ec_zmmul_xw/ilp32e/libprintf.a(wchprintf.o)
                0x0000000000000ae6                prints
 .text.printInt
                0x0000000000000bd8       0xfe /private/var/folders/mc/kr1k1_d95vb4mxynk14yhn6m0000gn/T/AppTranslocation/C80586F2-4CD2-49FD-A22D-45A991C1B2DB/d/MounRiver Studio 2.app/Contents/Resources/app/resources/darwin/components/WCH/Toolchain/RISC-V Embedded GCC12/bin/../lib/gcc/riscv-wch-elf/12.2.0/../../../../riscv-wch-elf/lib/rv32ec_zmmul_xw/ilp32e/libprintf.a(wchprintf.o)
                0x0000000000000bd8                printInt
 .text.printLongLongInt
                0x0000000000000cd6        0x4 /private/var/folders/mc/kr1k1_d95vb4mxynk14yhn6m0000gn/T/AppTranslocation/C80586F2-4CD2-49FD-A22D-45A991C1B2DB/d/MounRiver Studio 2.app/Contents/Resources/app/resources/darwin/components/WCH/Toolchain/RISC-V Embedded GCC12/bin/../lib/gcc/riscv-wch-elf/12.2.0/../../../../riscv-wch-elf/lib/rv32ec_zmmul_xw/ilp32e/libprintf.a(wchprintf.o)
                0x0000000000000cd6                printLongLongInt
 .text.printDouble
                0x0000000000000cda        0x4 /private/var/folders/mc/kr1k1_d95vb4mxynk14yhn6m0000gn/T/AppTranslocation/C80586F2-4CD2-49FD-A22D-45A991C1B2DB/d/MounRiver Studio 2.app/Contents/Resources/app/resources/darwin/components/WCH/Toolchain/RISC-V Embedded GCC12/bin/../lib/gcc/riscv-wch-elf/12.2.0/../../../../riscv-wch-elf/lib/rv32ec_zmmul_xw/ilp32e/libprintf.a(wchprintf.o)
                0x0000000000000cda                printDouble
 .text.print    0x0000000000000cde      0x3b2 /private/var/folders/mc/kr1k1_d95vb4mxynk14yhn6m0000gn/T/AppTranslocation/C80586F2-4CD2-49FD-A22D-45A991C1B2DB/d/MounRiver Studio 2.app/Contents/Resources/app/resources/darwin/components/WCH/Toolchain/RISC-V Embedded GCC12/bin/../lib/gcc/riscv-wch-elf/12.2.0/../../../../riscv-wch-elf/lib/rv32ec_zmmul_xw/ilp32e/libprintf.a(wchprintf.o)
                0x0000000000000cde                print
 .text.printf   0x0000000000001090       0x22 /private/var/folders/mc/kr1k1_d95vb4mxynk14yhn6m0000gn/T/AppTranslocation/C80586F2-4CD2-49FD-A22D-45A991C1B2DB/d/MounRiver Studio 2.app/Contents/Resources/app/resources/darwin/components/WCH/Toolchain/RISC-V Embedded GCC12/bin/../lib/gcc/riscv-wch-elf/12.2.0/../../../../riscv-wch-elf/lib/rv32ec_zmmul_xw/ilp32e/libprintf.a(wchprintf.o)
                0x0000000000001090                printf
 .text.puts     0x00000000000010b2       0x48 /private/var/folders/mc/kr1k1_d95vb4mxynk14yhn6m0000gn/T/AppTranslocation/C80586F2-4CD2-49FD-A22D-45A991C1B2DB/d/MounRiver Studio 2.app/Contents/Resources/app/resources/darwin/components/WCH/Toolchain/RISC-V Embedded GCC12/bin/../lib/gcc/riscv-wch-elf/12.2.0/../../../../riscv-wch-elf/lib/rv32ec_zmmul_xw/ilp32e/libprintf.a(wchprintf.o)
                0x00000000000010b2                puts
 .text.strlen   0x00000000000010fa       0x10 /private/var/folders/mc/kr1k1_d95vb4mxynk14yhn6m0000gn/T/AppTranslocation/C80586F2-4CD2-49FD-A22D-45A991C1B2DB/d/MounRiver Studio 2.app/Contents/Resources/app/resources/darwin/components/WCH/Toolchain/RISC-V Embedded GCC12/bin/../lib/gcc/riscv-wch-elf/12.2.0/../../../../riscv-wch-elf/lib/rv32ec_zmmul_xw/ilp32e/libg_nano.a(lib_a-strlen.o)
                0x00000000000010fa                strlen
 *(.rodata)
 *(.rodata*)
 *fill*         0x000000000000110a        0x2 
 .rodata.main.str1.4
                0x000000000000110c       0xee ./User/main.o
 *fill*         0x00000000000011fa        0x2 
 .rodata.dice_patterns
                0x00000000000011fc        0x7 ./User/main.o
                0x00000000000011fc                dice_patterns
 *fill*         0x0000000000001203        0x1 
 .rodata.print.str1.4
                0x0000000000001204        0x7 /private/var/folders/mc/kr1k1_d95vb4mxynk14yhn6m0000gn/T/AppTranslocation/C80586F2-4CD2-49FD-A22D-45A991C1B2DB/d/MounRiver Studio 2.app/Contents/Resources/app/resources/darwin/components/WCH/Toolchain/RISC-V Embedded GCC12/bin/../lib/gcc/riscv-wch-elf/12.2.0/../../../../riscv-wch-elf/lib/rv32ec_zmmul_xw/ilp32e/libprintf.a(wchprintf.o)
 *fill*         0x000000000000120b        0x1 
 .rodata.print  0x000000000000120c       0x58 /private/var/folders/mc/kr1k1_d95vb4mxynk14yhn6m0000gn/T/AppTranslocation/C80586F2-4CD2-49FD-A22D-45A991C1B2DB/d/MounRiver Studio 2.app/Contents/Resources/app/resources/darwin/components/WCH/Toolchain/RISC-V Embedded GCC12/bin/../lib/gcc/riscv-wch-elf/12.2.0/../../../../riscv-wch-elf/lib/rv32ec_zmmul_xw/ilp32e/libprintf.a(wchprintf.o)
 *(.gnu.linkonce.t.*)
                0x0000000000001264                . = ALIGN (0x4)

.rela.dyn       0x0000000000001264        0x0
 .rela.init     0x0000000000001264        0x0 ./User/ch32v00X_it.o
 .rela.text.handle_reset
                0x0000000000001264        0x0 ./User/ch32v00X_it.o

.fini           0x0000000000001264        0x0
 *(SORT_NONE(.fini))
                0x0000000000001264                . = ALIGN (0x4)
                [!provide]                        PROVIDE (_etext = .)
                [!provide]                        PROVIDE (_eitcm = .)

.preinit_array  0x0000000000001264        0x0
                [!provide]                        PROVIDE (__preinit_array_start = .)
 *(.preinit_array)
                [!provide]                        PROVIDE (__preinit_array_end = .)

.init_array     0x0000000000001264        0x0
                [!provide]                        PROVIDE (__init_array_start = .)
 *(SORT_BY_INIT_PRIORITY(.init_array.*) SORT_BY_INIT_PRIORITY(.ctors.*))
 *(.init_array EXCLUDE_FILE(*crtend?.o *crtend.o *crtbegin?.o *crtbegin.o) .ctors)
                [!provide]                        PROVIDE (__init_array_end = .)

.fini_array     0x0000000000001264        0x0
                [!provide]                        PROVIDE (__fini_array_start = .)
 *(SORT_BY_INIT_PRIORITY(.fini_array.*) SORT_BY_INIT_PRIORITY(.dtors.*))
 *(.fini_array EXCLUDE_FILE(*crtend?.o *crtend.o *crtbegin?.o *crtbegin.o) .dtors)
                [!provide]                        PROVIDE (__fini_array_end = .)

.ctors
 *crtbegin.o(.ctors)
 *crtbegin?.o(.ctors)
 *(EXCLUDE_FILE(*crtend?.o *crtend.o) .ctors)
 *(SORT_BY_NAME(.ctors.*))
 *(.ctors)

.dtors
 *crtbegin.o(.dtors)
 *crtbegin?.o(.dtors)
 *(EXCLUDE_FILE(*crtend?.o *crtend.o) .dtors)
 *(SORT_BY_NAME(.dtors.*))
 *(.dtors)

.dalign         0x0000000020000000        0x0 load address 0x0000000000001264
                0x0000000020000000                . = ALIGN (0x4)
                0x0000000020000000                PROVIDE (_data_vma = .)

.dlalign        0x0000000000001264        0x0
                0x0000000000001264                . = ALIGN (0x4)
                0x0000000000001264                PROVIDE (_data_lma = .)

.data           0x0000000020000000       0x40 load address 0x0000000000001264
                0x0000000020000000                . = ALIGN (0x4)
 *(.gnu.linkonce.r.*)
 *(.data .data.*)
 .data.seed.0   0x0000000020000000        0x4 ./User/main.o
 .data.HBPrescTable
                0x0000000020000004       0x10 ./User/system_ch32v00X.o
                0x0000000020000004                HBPrescTable
 .data.SystemCoreClock
                0x0000000020000014        0x4 ./User/system_ch32v00X.o
                0x0000000020000014                SystemCoreClock
 .data.ADCPrescTable
                0x0000000020000018       0x14 ./Peripheral/src/ch32v00X_rcc.o
 .data.PBHBPrescTable
                0x000000002000002c       0x10 ./Peripheral/src/ch32v00X_rcc.o
 *(.gnu.linkonce.d.*)
                0x0000000020000040                . = ALIGN (0x8)
 *fill*         0x000000002000003c        0x4 
                0x0000000020000840                PROVIDE (__global_pointer$ = (. + 0x800))
 *(.sdata .sdata.*)
 *(.sdata2*)
 *(.gnu.linkonce.s.*)
                0x0000000020000040                . = ALIGN (0x8)
 *(.srodata.cst16)
 *(.srodata.cst8)
 *(.srodata.cst4)
 *(.srodata.cst2)
 *(.srodata .srodata.*)
                0x0000000020000040                . = ALIGN (0x4)
                0x0000000020000040                PROVIDE (_edata = .)

.bss            0x0000000020000040        0x4 load address 0x00000000000012a4
                0x0000000020000040                . = ALIGN (0x4)
                0x0000000020000040                PROVIDE (_sbss = .)
 *(.sbss*)
 *(.gnu.linkonce.sb.*)
 *(.bss*)
 .bss.delay_counter
                0x0000000020000040        0x4 ./User/main.o
                0x0000000020000040                delay_counter
 *(.gnu.linkonce.b.*)
 *(COMMON*)
                0x0000000020000044                . = ALIGN (0x4)
                0x0000000020000044                PROVIDE (_ebss = .)
                0x0000000020000044                PROVIDE (_end = _ebss)
                [!provide]                        PROVIDE (end = .)

.stack          0x0000000020001e00      0x200
                0x0000000020001e00                PROVIDE (_heap_end = .)
                0x0000000020001e00                . = ALIGN (0x4)
                [!provide]                        PROVIDE (_susrstack = .)
                0x0000000020002000                . = (. + __stack_size)
 *fill*         0x0000000020001e00      0x200 
                0x0000000020002000                PROVIDE (_eusrstack = .)
OUTPUT(software.elf elf32-littleriscv)

.debug_info     0x0000000000000000     0x2fb6
 .debug_info    0x0000000000000000      0x2f5 ./User/ch32v00X_it.o
 .debug_info    0x00000000000002f5      0x83f ./User/main.o
 .debug_info    0x0000000000000b34      0x328 ./User/system_ch32v00X.o
 .debug_info    0x0000000000000e5c       0x23 ./Startup/startup_ch32v00X.o
 .debug_info    0x0000000000000e7f      0x90a ./Peripheral/src/ch32v00X_gpio.o
 .debug_info    0x0000000000001789      0x8d7 ./Peripheral/src/ch32v00X_rcc.o
 .debug_info    0x0000000000002060      0x887 ./Peripheral/src/ch32v00X_usart.o
 .debug_info    0x00000000000028e7      0x6cf ./Debug/debug.o

.debug_abbrev   0x0000000000000000      0xdb7
 .debug_abbrev  0x0000000000000000       0xfe ./User/ch32v00X_it.o
 .debug_abbrev  0x00000000000000fe      0x295 ./User/main.o
 .debug_abbrev  0x0000000000000393      0x164 ./User/system_ch32v00X.o
 .debug_abbrev  0x00000000000004f7       0x12 ./Startup/startup_ch32v00X.o
 .debug_abbrev  0x0000000000000509      0x1f0 ./Peripheral/src/ch32v00X_gpio.o
 .debug_abbrev  0x00000000000006f9      0x23c ./Peripheral/src/ch32v00X_rcc.o
 .debug_abbrev  0x0000000000000935      0x1ff ./Peripheral/src/ch32v00X_usart.o
 .debug_abbrev  0x0000000000000b34      0x283 ./Debug/debug.o

.debug_aranges  0x0000000000000000      0x390
 .debug_aranges
                0x0000000000000000       0x28 ./User/ch32v00X_it.o
 .debug_aranges
                0x0000000000000028       0x58 ./User/main.o
 .debug_aranges
                0x0000000000000080       0x28 ./User/system_ch32v00X.o
 .debug_aranges
                0x00000000000000a8       0x30 ./Startup/startup_ch32v00X.o
 .debug_aranges
                0x00000000000000d8       0x98 ./Peripheral/src/ch32v00X_gpio.o
 .debug_aranges
                0x0000000000000170      0x108 ./Peripheral/src/ch32v00X_rcc.o
 .debug_aranges
                0x0000000000000278       0xc8 ./Peripheral/src/ch32v00X_usart.o
 .debug_aranges
                0x0000000000000340       0x50 ./Debug/debug.o

.debug_rnglists
                0x0000000000000000      0x446
 .debug_rnglists
                0x0000000000000000       0x1f ./User/ch32v00X_it.o
 .debug_rnglists
                0x000000000000001f      0x110 ./User/main.o
 .debug_rnglists
                0x000000000000012f       0x1f ./User/system_ch32v00X.o
 .debug_rnglists
                0x000000000000014e       0x21 ./Startup/startup_ch32v00X.o
 .debug_rnglists
                0x000000000000016f       0x9d ./Peripheral/src/ch32v00X_gpio.o
 .debug_rnglists
                0x000000000000020c      0x11b ./Peripheral/src/ch32v00X_rcc.o
 .debug_rnglists
                0x0000000000000327       0xd3 ./Peripheral/src/ch32v00X_usart.o
 .debug_rnglists
                0x00000000000003fa       0x4c ./Debug/debug.o

.debug_line     0x0000000000000000     0x395b
 .debug_line    0x0000000000000000       0xdb ./User/ch32v00X_it.o
 .debug_line    0x00000000000000db      0x665 ./User/main.o
 .debug_line    0x0000000000000740      0x41b ./User/system_ch32v00X.o
 .debug_line    0x0000000000000b5b      0x10e ./Startup/startup_ch32v00X.o
 .debug_line    0x0000000000000c69      0xec3 ./Peripheral/src/ch32v00X_gpio.o
 .debug_line    0x0000000000001b2c      0xe41 ./Peripheral/src/ch32v00X_rcc.o
 .debug_line    0x000000000000296d      0xa78 ./Peripheral/src/ch32v00X_usart.o
 .debug_line    0x00000000000033e5      0x576 ./Debug/debug.o

.debug_str      0x0000000000000000      0xebb
 .debug_str     0x0000000000000000      0x21d ./User/ch32v00X_it.o
                                        0x267 (size before relaxing)
 .debug_str     0x000000000000021d      0x2c2 ./User/main.o
                                        0x472 (size before relaxing)
 .debug_str     0x00000000000004df       0xdd ./User/system_ch32v00X.o
                                        0x2df (size before relaxing)
 .debug_str     0x00000000000005bc       0x60 ./Startup/startup_ch32v00X.o
 .debug_str     0x000000000000061c      0x1ab ./Peripheral/src/ch32v00X_gpio.o
                                        0x509 (size before relaxing)
 .debug_str     0x00000000000007c7      0x353 ./Peripheral/src/ch32v00X_rcc.o
                                        0x64c (size before relaxing)
 .debug_str     0x0000000000000b1a      0x302 ./Peripheral/src/ch32v00X_usart.o
                                        0x5eb (size before relaxing)
 .debug_str     0x0000000000000e1c       0x9f ./Debug/debug.o
                                        0x50b (size before relaxing)

.debug_line_str
                0x0000000000000000      0x691
 .debug_line_str
                0x0000000000000000      0x2a9 ./User/ch32v00X_it.o
                                        0x2fb (size before relaxing)
 .debug_line_str
                0x00000000000002a9      0x200 ./User/main.o
                                        0x4e2 (size before relaxing)
 .debug_line_str
                0x00000000000004a9       0x1a ./User/system_ch32v00X.o
                                        0x368 (size before relaxing)
 .debug_line_str
                0x00000000000004c3       0x1e ./Startup/startup_ch32v00X.o
                                         0x67 (size before relaxing)
 .debug_line_str
                0x00000000000004e1       0x34 ./Peripheral/src/ch32v00X_gpio.o
                                        0x380 (size before relaxing)
 .debug_line_str
                0x0000000000000515       0x21 ./Peripheral/src/ch32v00X_rcc.o
                                        0x36d (size before relaxing)
 .debug_line_str
                0x0000000000000536       0x34 ./Peripheral/src/ch32v00X_usart.o
                                        0x384 (size before relaxing)
 .debug_line_str
                0x000000000000056a      0x127 ./Debug/debug.o
                                        0x4bd (size before relaxing)

.comment        0x0000000000000000       0x96
 .comment       0x0000000000000000       0x32 ./User/ch32v00X_it.o
                                         0x33 (size before relaxing)
 .comment       0x0000000000000032       0x33 ./User/main.o
 .comment       0x0000000000000032       0x33 ./User/system_ch32v00X.o
 .comment       0x0000000000000032       0x33 ./Peripheral/src/ch32v00X_gpio.o
 .comment       0x0000000000000032       0x33 ./Peripheral/src/ch32v00X_rcc.o
 .comment       0x0000000000000032       0x33 ./Peripheral/src/ch32v00X_usart.o
 .comment       0x0000000000000032       0x33 ./Debug/debug.o
 .comment       0x0000000000000032       0x31 /private/var/folders/mc/kr1k1_d95vb4mxynk14yhn6m0000gn/T/AppTranslocation/C80586F2-4CD2-49FD-A22D-45A991C1B2DB/d/MounRiver Studio 2.app/Contents/Resources/app/resources/darwin/components/WCH/Toolchain/RISC-V Embedded GCC12/bin/../lib/gcc/riscv-wch-elf/12.2.0/../../../../riscv-wch-elf/lib/rv32ec_zmmul_xw/ilp32e/libprintf.a(wchprintf.o)
                                         0x32 (size before relaxing)
 .comment       0x0000000000000063       0x33 /private/var/folders/mc/kr1k1_d95vb4mxynk14yhn6m0000gn/T/AppTranslocation/C80586F2-4CD2-49FD-A22D-45A991C1B2DB/d/MounRiver Studio 2.app/Contents/Resources/app/resources/darwin/components/WCH/Toolchain/RISC-V Embedded GCC12/bin/../lib/gcc/riscv-wch-elf/12.2.0/../../../../riscv-wch-elf/lib/rv32ec_zmmul_xw/ilp32e/libg_nano.a(lib_a-strlen.o)
                                         0x34 (size before relaxing)

.riscv.attributes
                0x0000000000000000       0x30
 .riscv.attributes
                0x0000000000000000       0x30 ./User/ch32v00X_it.o
 .riscv.attributes
                0x0000000000000030       0x30 ./User/main.o
 .riscv.attributes
                0x0000000000000060       0x30 ./User/system_ch32v00X.o
 .riscv.attributes
                0x0000000000000090       0x2e ./Startup/startup_ch32v00X.o
 .riscv.attributes
                0x00000000000000be       0x30 ./Peripheral/src/ch32v00X_gpio.o
 .riscv.attributes
                0x00000000000000ee       0x30 ./Peripheral/src/ch32v00X_rcc.o
 .riscv.attributes
                0x000000000000011e       0x30 ./Peripheral/src/ch32v00X_usart.o
 .riscv.attributes
                0x000000000000014e       0x30 ./Debug/debug.o
 .riscv.attributes
                0x000000000000017e       0x30 /private/var/folders/mc/kr1k1_d95vb4mxynk14yhn6m0000gn/T/AppTranslocation/C80586F2-4CD2-49FD-A22D-45A991C1B2DB/d/MounRiver Studio 2.app/Contents/Resources/app/resources/darwin/components/WCH/Toolchain/RISC-V Embedded GCC12/bin/../lib/gcc/riscv-wch-elf/12.2.0/../../../../riscv-wch-elf/lib/rv32ec_zmmul_xw/ilp32e/libprintf.a(wchprintf.o)
 .riscv.attributes
                0x00000000000001ae       0x2e /private/var/folders/mc/kr1k1_d95vb4mxynk14yhn6m0000gn/T/AppTranslocation/C80586F2-4CD2-49FD-A22D-45A991C1B2DB/d/MounRiver Studio 2.app/Contents/Resources/app/resources/darwin/components/WCH/Toolchain/RISC-V Embedded GCC12/bin/../lib/gcc/riscv-wch-elf/12.2.0/rv32ec_zmmul_xw/ilp32e/libgcc.a(save-restore.o)
 .riscv.attributes
                0x00000000000001dc       0x2e /private/var/folders/mc/kr1k1_d95vb4mxynk14yhn6m0000gn/T/AppTranslocation/C80586F2-4CD2-49FD-A22D-45A991C1B2DB/d/MounRiver Studio 2.app/Contents/Resources/app/resources/darwin/components/WCH/Toolchain/RISC-V Embedded GCC12/bin/../lib/gcc/riscv-wch-elf/12.2.0/rv32ec_zmmul_xw/ilp32e/libgcc.a(div.o)
 .riscv.attributes
                0x000000000000020a       0x30 /private/var/folders/mc/kr1k1_d95vb4mxynk14yhn6m0000gn/T/AppTranslocation/C80586F2-4CD2-49FD-A22D-45A991C1B2DB/d/MounRiver Studio 2.app/Contents/Resources/app/resources/darwin/components/WCH/Toolchain/RISC-V Embedded GCC12/bin/../lib/gcc/riscv-wch-elf/12.2.0/../../../../riscv-wch-elf/lib/rv32ec_zmmul_xw/ilp32e/libg_nano.a(lib_a-strlen.o)

.debug_frame    0x0000000000000000      0x71c
 .debug_frame   0x0000000000000000       0x30 ./User/ch32v00X_it.o
 .debug_frame   0x0000000000000030       0xe0 ./User/main.o
 .debug_frame   0x0000000000000110       0x4c ./User/system_ch32v00X.o
 .debug_frame   0x000000000000015c      0x158 ./Peripheral/src/ch32v00X_gpio.o
 .debug_frame   0x00000000000002b4      0x210 ./Peripheral/src/ch32v00X_rcc.o
 .debug_frame   0x00000000000004c4      0x194 ./Peripheral/src/ch32v00X_usart.o
 .debug_frame   0x0000000000000658       0xc4 ./Debug/debug.o

.debug_loclists
                0x0000000000000000     0x1416
 .debug_loclists
                0x0000000000000000      0x137 ./User/main.o
 .debug_loclists
                0x0000000000000137       0x91 ./User/system_ch32v00X.o
 .debug_loclists
                0x00000000000001c8      0x6e0 ./Peripheral/src/ch32v00X_gpio.o
 .debug_loclists
                0x00000000000008a8      0x413 ./Peripheral/src/ch32v00X_rcc.o
 .debug_loclists
                0x0000000000000cbb      0x5f7 ./Peripheral/src/ch32v00X_usart.o
 .debug_loclists
                0x00000000000012b2      0x164 ./Debug/debug.o
